2025-06-23 11:37:22.631 +06:00 [INF] Application Starting...17-jan
2025-06-23 11:37:22.670 +06:00 [INF] This is Nasim Reza Hridoy
2025-06-23 11:37:22.670 +06:00 [ERR] An error occurred while starting the application.
2025-06-23 11:37:25.689 +06:00 [INF] This is Nasim Reza
2025-06-23 11:37:25.704 +06:00 [INF] This is a test log entry to verify database logging.
2025-06-23 11:37:37.586 +06:00 [ERR] Error loading balance adjustments
AutoMapper.AutoMapperMappingException: Missing type map configuration or unsupported mapping.

Mapping types:
BalanceAdjustmentSearchModel -> BalanceAdjustmentSearchDto
DevSkill.Inventory.Web.Areas.Admin.Models.BalanceAdjustmentSearchModel -> DevSkill.Inventory.Domain.Dtos.BalanceAdjustmentSearchDto
   at lambda_method736(Closure, Object, BalanceAdjustmentSearchDto, ResolutionContext)
   at DevSkill.Inventory.Web.Areas.Admin.Controllers.BalanceAdjustmentsController.GetBalanceAdjustmentsJsonData(BalanceAdjustmentListModel model) in C:\Users\Nasim Reza\Desktop\Final Project\aspnet-b11-nasim\src\DevSkill.Inventory.sln\DevSkill.Inventory.Web\Areas\Admin\Controllers\BalanceAdjustmentsController.cs:line 37
2025-06-23 11:38:21.759 +06:00 [INF] Application Starting...17-jan
2025-06-23 11:38:21.798 +06:00 [INF] This is Nasim Reza Hridoy
2025-06-23 11:38:21.798 +06:00 [ERR] An error occurred while starting the application.
2025-06-23 11:38:24.143 +06:00 [INF] This is Nasim Reza
2025-06-23 11:38:24.180 +06:00 [INF] This is a test log entry to verify database logging.
2025-06-23 11:38:36.899 +06:00 [ERR] Error loading balance adjustments
AutoMapper.AutoMapperMappingException: Missing type map configuration or unsupported mapping.

Mapping types:
BalanceAdjustmentSearchModel -> BalanceAdjustmentSearchDto
DevSkill.Inventory.Web.Areas.Admin.Models.BalanceAdjustmentSearchModel -> DevSkill.Inventory.Domain.Dtos.BalanceAdjustmentSearchDto
   at lambda_method772(Closure, Object, BalanceAdjustmentSearchDto, ResolutionContext)
   at DevSkill.Inventory.Web.Areas.Admin.Controllers.BalanceAdjustmentsController.GetBalanceAdjustmentsJsonData(BalanceAdjustmentListModel model) in C:\Users\Nasim Reza\Desktop\Final Project\aspnet-b11-nasim\src\DevSkill.Inventory.sln\DevSkill.Inventory.Web\Areas\Admin\Controllers\BalanceAdjustmentsController.cs:line 37
2025-06-23 11:40:42.323 +06:00 [INF] Application Starting...17-jan
2025-06-23 11:40:42.348 +06:00 [INF] This is Nasim Reza Hridoy
2025-06-23 11:40:42.348 +06:00 [ERR] An error occurred while starting the application.
2025-06-23 11:40:42.949 +06:00 [FTL] Application crashed
Microsoft.Extensions.Hosting.HostAbortedException: The host was aborted.
   at Microsoft.Extensions.Hosting.HostFactoryResolver.HostingListener.ThrowHostAborted()
   at Microsoft.Extensions.Hosting.HostFactoryResolver.HostingListener.OnNext(KeyValuePair`2 value)
   at System.Diagnostics.DiagnosticListener.Write(String name, Object value)
   at Microsoft.Extensions.Hosting.HostBuilder.ResolveHost(IServiceProvider serviceProvider, DiagnosticListener diagnosticListener)
   at Microsoft.Extensions.Hosting.HostApplicationBuilder.Build()
   at Microsoft.AspNetCore.Builder.WebApplicationBuilder.Build()
   at Program.<Main>$(String[] args) in C:\Users\Nasim Reza\Desktop\Final Project\aspnet-b11-nasim\src\DevSkill.Inventory.sln\DevSkill.Inventory.Web\Program.cs:line 94
2025-06-23 11:41:24.546 +06:00 [INF] Application Starting...17-jan
2025-06-23 11:41:24.572 +06:00 [INF] This is Nasim Reza Hridoy
2025-06-23 11:41:24.572 +06:00 [ERR] An error occurred while starting the application.
2025-06-23 11:41:25.125 +06:00 [FTL] Application crashed
Microsoft.Extensions.Hosting.HostAbortedException: The host was aborted.
   at Microsoft.Extensions.Hosting.HostFactoryResolver.HostingListener.ThrowHostAborted()
   at Microsoft.Extensions.Hosting.HostFactoryResolver.HostingListener.OnNext(KeyValuePair`2 value)
   at System.Diagnostics.DiagnosticListener.Write(String name, Object value)
   at Microsoft.Extensions.Hosting.HostBuilder.ResolveHost(IServiceProvider serviceProvider, DiagnosticListener diagnosticListener)
   at Microsoft.Extensions.Hosting.HostApplicationBuilder.Build()
   at Microsoft.AspNetCore.Builder.WebApplicationBuilder.Build()
   at Program.<Main>$(String[] args) in C:\Users\Nasim Reza\Desktop\Final Project\aspnet-b11-nasim\src\DevSkill.Inventory.sln\DevSkill.Inventory.Web\Program.cs:line 94
2025-06-23 11:52:50.701 +06:00 [INF] Application Starting...17-jan
2025-06-23 11:52:50.788 +06:00 [INF] This is Nasim Reza Hridoy
2025-06-23 11:52:50.790 +06:00 [ERR] An error occurred while starting the application.
2025-06-23 11:52:53.478 +06:00 [INF] This is Nasim Reza
2025-06-23 11:52:53.508 +06:00 [INF] This is a test log entry to verify database logging.
2025-06-23 11:53:03.216 +06:00 [ERR] Error loading balance adjustments
AutoMapper.AutoMapperMappingException: Missing type map configuration or unsupported mapping.

Mapping types:
BalanceAdjustmentSearchModel -> BalanceAdjustmentSearchDto
DevSkill.Inventory.Web.Areas.Admin.Models.BalanceAdjustmentSearchModel -> DevSkill.Inventory.Domain.Dtos.BalanceAdjustmentSearchDto
   at lambda_method774(Closure, Object, BalanceAdjustmentSearchDto, ResolutionContext)
   at DevSkill.Inventory.Web.Areas.Admin.Controllers.BalanceAdjustmentsController.GetBalanceAdjustmentsJsonData(BalanceAdjustmentListModel model) in C:\Users\Nasim Reza\Desktop\Final Project\aspnet-b11-nasim\src\DevSkill.Inventory.sln\DevSkill.Inventory.Web\Areas\Admin\Controllers\BalanceAdjustmentsController.cs:line 37
2025-06-23 11:53:11.755 +06:00 [ERR] Error loading balance adjustments
AutoMapper.AutoMapperMappingException: Missing type map configuration or unsupported mapping.

Mapping types:
BalanceAdjustmentSearchModel -> BalanceAdjustmentSearchDto
DevSkill.Inventory.Web.Areas.Admin.Models.BalanceAdjustmentSearchModel -> DevSkill.Inventory.Domain.Dtos.BalanceAdjustmentSearchDto
   at lambda_method774(Closure, Object, BalanceAdjustmentSearchDto, ResolutionContext)
   at DevSkill.Inventory.Web.Areas.Admin.Controllers.BalanceAdjustmentsController.GetBalanceAdjustmentsJsonData(BalanceAdjustmentListModel model) in C:\Users\Nasim Reza\Desktop\Final Project\aspnet-b11-nasim\src\DevSkill.Inventory.sln\DevSkill.Inventory.Web\Areas\Admin\Controllers\BalanceAdjustmentsController.cs:line 37
2025-06-23 11:53:14.344 +06:00 [ERR] Error loading balance adjustments
AutoMapper.AutoMapperMappingException: Missing type map configuration or unsupported mapping.

Mapping types:
BalanceAdjustmentSearchModel -> BalanceAdjustmentSearchDto
DevSkill.Inventory.Web.Areas.Admin.Models.BalanceAdjustmentSearchModel -> DevSkill.Inventory.Domain.Dtos.BalanceAdjustmentSearchDto
   at lambda_method774(Closure, Object, BalanceAdjustmentSearchDto, ResolutionContext)
   at DevSkill.Inventory.Web.Areas.Admin.Controllers.BalanceAdjustmentsController.GetBalanceAdjustmentsJsonData(BalanceAdjustmentListModel model) in C:\Users\Nasim Reza\Desktop\Final Project\aspnet-b11-nasim\src\DevSkill.Inventory.sln\DevSkill.Inventory.Web\Areas\Admin\Controllers\BalanceAdjustmentsController.cs:line 37
2025-06-23 11:53:46.461 +06:00 [INF] Application Starting...17-jan
2025-06-23 11:53:46.509 +06:00 [INF] This is Nasim Reza Hridoy
2025-06-23 11:53:46.509 +06:00 [ERR] An error occurred while starting the application.
2025-06-23 11:53:49.125 +06:00 [INF] This is Nasim Reza
2025-06-23 11:53:49.142 +06:00 [INF] This is a test log entry to verify database logging.
2025-06-23 11:56:48.200 +06:00 [INF] Application Starting...17-jan
2025-06-23 11:56:48.263 +06:00 [INF] This is Nasim Reza Hridoy
2025-06-23 11:56:48.263 +06:00 [ERR] An error occurred while starting the application.
2025-06-23 11:56:51.160 +06:00 [INF] This is Nasim Reza
2025-06-23 11:56:51.177 +06:00 [INF] This is a test log entry to verify database logging.
2025-06-23 11:59:05.466 +06:00 [INF] Application Starting...17-jan
2025-06-23 11:59:05.501 +06:00 [INF] This is Nasim Reza Hridoy
2025-06-23 11:59:05.502 +06:00 [ERR] An error occurred while starting the application.
2025-06-23 11:59:07.960 +06:00 [INF] This is Nasim Reza
2025-06-23 11:59:07.976 +06:00 [INF] This is a test log entry to verify database logging.
2025-06-23 12:21:39.928 +06:00 [INF] Application Starting...17-jan
2025-06-23 12:21:39.969 +06:00 [INF] This is Nasim Reza Hridoy
2025-06-23 12:21:39.969 +06:00 [ERR] An error occurred while starting the application.
2025-06-23 12:21:42.354 +06:00 [INF] This is Nasim Reza
2025-06-23 12:21:42.372 +06:00 [INF] This is a test log entry to verify database logging.
2025-06-23 12:25:13.634 +06:00 [INF] Application Starting...17-jan
2025-06-23 12:25:13.669 +06:00 [INF] This is Nasim Reza Hridoy
2025-06-23 12:25:13.669 +06:00 [ERR] An error occurred while starting the application.
2025-06-23 12:25:16.051 +06:00 [INF] This is Nasim Reza
2025-06-23 12:25:16.066 +06:00 [INF] This is a test log entry to verify database logging.
2025-06-23 12:25:35.351 +06:00 [ERR] Error loading staff payments
Microsoft.Data.SqlClient.SqlException (0x80131904): Could not find stored procedure 'GetStaffPayments'.
   at Microsoft.Data.SqlClient.SqlCommand.<>c.<ExecuteDbDataReaderAsync>b__195_0(Task`1 result)
   at System.Threading.Tasks.ContinuationResultTaskFromResultTask`2.InnerInvoke()
   at System.Threading.ExecutionContext.RunInternal(ExecutionContext executionContext, ContextCallback callback, Object state)
--- End of stack trace from previous location ---
   at System.Threading.ExecutionContext.RunInternal(ExecutionContext executionContext, ContextCallback callback, Object state)
   at System.Threading.Tasks.Task.ExecuteWithThreadLocal(Task& currentTaskSlot, Thread threadPoolThread)
--- End of stack trace from previous location ---
   at DevSkill.Inventory.Infrastructure.Utilities.SqlUtility.ExecuteQueryAsync[TReturn](DbCommand command) in C:\Users\Nasim Reza\Desktop\Final Project\aspnet-b11-nasim\src\DevSkill.Inventory.sln\DevSkill.Inventory.Infrastructure\Utilities\SqlUtility.cs:line 237
   at DevSkill.Inventory.Infrastructure.Utilities.SqlUtility.QueryWithStoredProcedureAsync[TReturn](String storedProcedureName, IDictionary`2 parameters, IDictionary`2 outParameters) in C:\Users\Nasim Reza\Desktop\Final Project\aspnet-b11-nasim\src\DevSkill.Inventory.sln\DevSkill.Inventory.Infrastructure\Utilities\SqlUtility.cs:line 100
   at DevSkill.Inventory.Infrastructure.Utilities.SqlUtility.QueryWithStoredProcedureAsync[TReturn](String storedProcedureName, IDictionary`2 parameters, IDictionary`2 outParameters) in C:\Users\Nasim Reza\Desktop\Final Project\aspnet-b11-nasim\src\DevSkill.Inventory.sln\DevSkill.Inventory.Infrastructure\Utilities\SqlUtility.cs:line 106
   at DevSkill.Inventory.Infrastructure.ApplicationUnitOfWork.GetStaffPaymentsSP(Int32 pageIndex, Int32 pageSize, String orderBy, StaffPaymentSearchDto search) in C:\Users\Nasim Reza\Desktop\Final Project\aspnet-b11-nasim\src\DevSkill.Inventory.sln\DevSkill.Inventory.Infrastructure\ApplicationUnitOfWork.cs:line 428
   at DevSkill.Inventory.Application.Features.StaffPayments.Queries.GetStaffPaymentsSPQueryHandler.Handle(GetStaffPaymentsSPQuery request, CancellationToken cancellationToken) in C:\Users\Nasim Reza\Desktop\Final Project\aspnet-b11-nasim\src\DevSkill.Inventory.sln\DevSkill.Inventory.Application\Features\StaffPayments\Queries\GetStaffPaymentsSPQueryHandler.cs:line 23
   at DevSkill.Inventory.Web.Areas.Admin.Controllers.StaffPaymentsController.GetStaffPaymentsJsonData(StaffPaymentListModel model) in C:\Users\Nasim Reza\Desktop\Final Project\aspnet-b11-nasim\src\DevSkill.Inventory.sln\DevSkill.Inventory.Web\Areas\Admin\Controllers\StaffPaymentsController.cs:line 46
ClientConnectionId:fc6d0850-5c5c-4161-9cfa-416a1a6fa3a3
Error Number:2812,State:62,Class:16
2025-06-23 12:31:33.673 +06:00 [INF] Application Starting...17-jan
2025-06-23 12:31:33.697 +06:00 [INF] This is Nasim Reza Hridoy
2025-06-23 12:31:33.698 +06:00 [ERR] An error occurred while starting the application.
2025-06-23 12:31:34.257 +06:00 [FTL] Application crashed
Microsoft.Extensions.Hosting.HostAbortedException: The host was aborted.
   at Microsoft.Extensions.Hosting.HostFactoryResolver.HostingListener.ThrowHostAborted()
   at Microsoft.Extensions.Hosting.HostFactoryResolver.HostingListener.OnNext(KeyValuePair`2 value)
   at System.Diagnostics.DiagnosticListener.Write(String name, Object value)
   at Microsoft.Extensions.Hosting.HostBuilder.ResolveHost(IServiceProvider serviceProvider, DiagnosticListener diagnosticListener)
   at Microsoft.Extensions.Hosting.HostApplicationBuilder.Build()
   at Microsoft.AspNetCore.Builder.WebApplicationBuilder.Build()
   at Program.<Main>$(String[] args) in C:\Users\Nasim Reza\Desktop\Final Project\aspnet-b11-nasim\src\DevSkill.Inventory.sln\DevSkill.Inventory.Web\Program.cs:line 94
2025-06-23 12:36:28.919 +06:00 [INF] Application Starting...17-jan
2025-06-23 12:36:28.945 +06:00 [INF] This is Nasim Reza Hridoy
2025-06-23 12:36:28.945 +06:00 [ERR] An error occurred while starting the application.
2025-06-23 12:36:29.494 +06:00 [FTL] Application crashed
Microsoft.Extensions.Hosting.HostAbortedException: The host was aborted.
   at Microsoft.Extensions.Hosting.HostFactoryResolver.HostingListener.ThrowHostAborted()
   at Microsoft.Extensions.Hosting.HostFactoryResolver.HostingListener.OnNext(KeyValuePair`2 value)
   at System.Diagnostics.DiagnosticListener.Write(String name, Object value)
   at Microsoft.Extensions.Hosting.HostBuilder.ResolveHost(IServiceProvider serviceProvider, DiagnosticListener diagnosticListener)
   at Microsoft.Extensions.Hosting.HostApplicationBuilder.Build()
   at Microsoft.AspNetCore.Builder.WebApplicationBuilder.Build()
   at Program.<Main>$(String[] args) in C:\Users\Nasim Reza\Desktop\Final Project\aspnet-b11-nasim\src\DevSkill.Inventory.sln\DevSkill.Inventory.Web\Program.cs:line 94
2025-06-23 12:37:09.352 +06:00 [INF] Application Starting...17-jan
2025-06-23 12:37:09.378 +06:00 [INF] This is Nasim Reza Hridoy
2025-06-23 12:37:09.379 +06:00 [ERR] An error occurred while starting the application.
2025-06-23 12:37:09.938 +06:00 [FTL] Application crashed
Microsoft.Extensions.Hosting.HostAbortedException: The host was aborted.
   at Microsoft.Extensions.Hosting.HostFactoryResolver.HostingListener.ThrowHostAborted()
   at Microsoft.Extensions.Hosting.HostFactoryResolver.HostingListener.OnNext(KeyValuePair`2 value)
   at System.Diagnostics.DiagnosticListener.Write(String name, Object value)
   at Microsoft.Extensions.Hosting.HostBuilder.ResolveHost(IServiceProvider serviceProvider, DiagnosticListener diagnosticListener)
   at Microsoft.Extensions.Hosting.HostApplicationBuilder.Build()
   at Microsoft.AspNetCore.Builder.WebApplicationBuilder.Build()
   at Program.<Main>$(String[] args) in C:\Users\Nasim Reza\Desktop\Final Project\aspnet-b11-nasim\src\DevSkill.Inventory.sln\DevSkill.Inventory.Web\Program.cs:line 94
2025-06-23 12:47:13.407 +06:00 [INF] Application Starting...17-jan
2025-06-23 12:47:13.442 +06:00 [INF] This is Nasim Reza Hridoy
2025-06-23 12:47:13.443 +06:00 [ERR] An error occurred while starting the application.
2025-06-23 12:47:15.900 +06:00 [INF] This is Nasim Reza
2025-06-23 12:47:15.916 +06:00 [INF] This is a test log entry to verify database logging.
2025-06-23 14:11:04.058 +06:00 [INF] Application Starting...17-jan
2025-06-23 14:11:04.102 +06:00 [INF] This is Nasim Reza Hridoy
2025-06-23 14:11:04.102 +06:00 [ERR] An error occurred while starting the application.
2025-06-23 14:11:07.212 +06:00 [INF] This is Nasim Reza
2025-06-23 14:11:07.229 +06:00 [INF] This is a test log entry to verify database logging.
2025-06-23 14:53:00.259 +06:00 [INF] Application Starting...17-jan
2025-06-23 14:53:00.292 +06:00 [INF] This is Nasim Reza Hridoy
2025-06-23 14:53:00.292 +06:00 [ERR] An error occurred while starting the application.
2025-06-23 14:53:02.835 +06:00 [INF] This is Nasim Reza
2025-06-23 14:53:02.854 +06:00 [INF] This is a test log entry to verify database logging.
2025-06-23 14:53:11.916 +06:00 [ERR] Error loading suppliers
Microsoft.Data.SqlClient.SqlException (0x80131904): Could not find stored procedure 'GetSuppliers'.
   at Microsoft.Data.SqlClient.SqlCommand.<>c.<ExecuteDbDataReaderAsync>b__195_0(Task`1 result)
   at System.Threading.Tasks.ContinuationResultTaskFromResultTask`2.InnerInvoke()
   at System.Threading.ExecutionContext.RunInternal(ExecutionContext executionContext, ContextCallback callback, Object state)
--- End of stack trace from previous location ---
   at System.Threading.ExecutionContext.RunInternal(ExecutionContext executionContext, ContextCallback callback, Object state)
   at System.Threading.Tasks.Task.ExecuteWithThreadLocal(Task& currentTaskSlot, Thread threadPoolThread)
--- End of stack trace from previous location ---
   at DevSkill.Inventory.Infrastructure.Utilities.SqlUtility.ExecuteQueryAsync[TReturn](DbCommand command) in C:\Users\Nasim Reza\Desktop\Final Project\aspnet-b11-nasim\src\DevSkill.Inventory.sln\DevSkill.Inventory.Infrastructure\Utilities\SqlUtility.cs:line 237
   at DevSkill.Inventory.Infrastructure.Utilities.SqlUtility.QueryWithStoredProcedureAsync[TReturn](String storedProcedureName, IDictionary`2 parameters, IDictionary`2 outParameters) in C:\Users\Nasim Reza\Desktop\Final Project\aspnet-b11-nasim\src\DevSkill.Inventory.sln\DevSkill.Inventory.Infrastructure\Utilities\SqlUtility.cs:line 100
   at DevSkill.Inventory.Infrastructure.Utilities.SqlUtility.QueryWithStoredProcedureAsync[TReturn](String storedProcedureName, IDictionary`2 parameters, IDictionary`2 outParameters) in C:\Users\Nasim Reza\Desktop\Final Project\aspnet-b11-nasim\src\DevSkill.Inventory.sln\DevSkill.Inventory.Infrastructure\Utilities\SqlUtility.cs:line 106
   at DevSkill.Inventory.Infrastructure.ApplicationUnitOfWork.GetSuppliersSP(Int32 pageIndex, Int32 pageSize, String orderBy, SupplierSearchDto search) in C:\Users\Nasim Reza\Desktop\Final Project\aspnet-b11-nasim\src\DevSkill.Inventory.sln\DevSkill.Inventory.Infrastructure\ApplicationUnitOfWork.cs:line 452
   at DevSkill.Inventory.Application.Features.Suppliers.Queries.GetSuppliersSPQueryHandler.Handle(GetSuppliersSPQuery request, CancellationToken cancellationToken) in C:\Users\Nasim Reza\Desktop\Final Project\aspnet-b11-nasim\src\DevSkill.Inventory.sln\DevSkill.Inventory.Application\Features\Suppliers\Queries\GetSuppliersSPQueryHandler.cs:line 23
   at DevSkill.Inventory.Web.Areas.Admin.Controllers.SuppliersController.GetSuppliersJsonData(SupplierListModel model) in C:\Users\Nasim Reza\Desktop\Final Project\aspnet-b11-nasim\src\DevSkill.Inventory.sln\DevSkill.Inventory.Web\Areas\Admin\Controllers\SuppliersController.cs:line 46
ClientConnectionId:9f006de9-2174-4360-a501-f2a939b72949
Error Number:2812,State:62,Class:16
2025-06-23 14:55:02.871 +06:00 [INF] Application Starting...17-jan
2025-06-23 14:55:02.895 +06:00 [INF] This is Nasim Reza Hridoy
2025-06-23 14:55:02.895 +06:00 [ERR] An error occurred while starting the application.
2025-06-23 14:55:03.439 +06:00 [FTL] Application crashed
Microsoft.Extensions.Hosting.HostAbortedException: The host was aborted.
   at Microsoft.Extensions.Hosting.HostFactoryResolver.HostingListener.ThrowHostAborted()
   at Microsoft.Extensions.Hosting.HostFactoryResolver.HostingListener.OnNext(KeyValuePair`2 value)
   at System.Diagnostics.DiagnosticListener.Write(String name, Object value)
   at Microsoft.Extensions.Hosting.HostBuilder.ResolveHost(IServiceProvider serviceProvider, DiagnosticListener diagnosticListener)
   at Microsoft.Extensions.Hosting.HostApplicationBuilder.Build()
   at Microsoft.AspNetCore.Builder.WebApplicationBuilder.Build()
   at Program.<Main>$(String[] args) in C:\Users\Nasim Reza\Desktop\Final Project\aspnet-b11-nasim\src\DevSkill.Inventory.sln\DevSkill.Inventory.Web\Program.cs:line 94
2025-06-23 14:57:09.021 +06:00 [INF] Application Starting...17-jan
2025-06-23 14:57:09.044 +06:00 [INF] This is Nasim Reza Hridoy
2025-06-23 14:57:09.045 +06:00 [ERR] An error occurred while starting the application.
2025-06-23 14:57:09.578 +06:00 [FTL] Application crashed
Microsoft.Extensions.Hosting.HostAbortedException: The host was aborted.
   at Microsoft.Extensions.Hosting.HostFactoryResolver.HostingListener.ThrowHostAborted()
   at Microsoft.Extensions.Hosting.HostFactoryResolver.HostingListener.OnNext(KeyValuePair`2 value)
   at System.Diagnostics.DiagnosticListener.Write(String name, Object value)
   at Microsoft.Extensions.Hosting.HostBuilder.ResolveHost(IServiceProvider serviceProvider, DiagnosticListener diagnosticListener)
   at Microsoft.Extensions.Hosting.HostApplicationBuilder.Build()
   at Microsoft.AspNetCore.Builder.WebApplicationBuilder.Build()
   at Program.<Main>$(String[] args) in C:\Users\Nasim Reza\Desktop\Final Project\aspnet-b11-nasim\src\DevSkill.Inventory.sln\DevSkill.Inventory.Web\Program.cs:line 94
2025-06-23 15:11:08.124 +06:00 [INF] Application Starting...17-jan
2025-06-23 15:11:08.155 +06:00 [INF] This is Nasim Reza Hridoy
2025-06-23 15:11:08.155 +06:00 [ERR] An error occurred while starting the application.
2025-06-23 15:11:10.631 +06:00 [INF] This is Nasim Reza
2025-06-23 15:11:10.646 +06:00 [INF] This is a test log entry to verify database logging.
2025-06-23 15:26:21.632 +06:00 [INF] Application Starting...17-jan
2025-06-23 15:26:21.676 +06:00 [INF] This is Nasim Reza Hridoy
2025-06-23 15:26:21.676 +06:00 [ERR] An error occurred while starting the application.
2025-06-23 15:26:24.368 +06:00 [INF] This is Nasim Reza
2025-06-23 15:26:24.383 +06:00 [INF] This is a test log entry to verify database logging.
2025-06-23 15:26:51.462 +06:00 [INF] Application Starting...17-jan
2025-06-23 15:26:51.501 +06:00 [INF] This is Nasim Reza Hridoy
2025-06-23 15:26:51.501 +06:00 [ERR] An error occurred while starting the application.
2025-06-23 15:26:53.623 +06:00 [INF] This is Nasim Reza
2025-06-23 15:26:53.637 +06:00 [INF] This is a test log entry to verify database logging.
2025-06-23 15:27:11.480 +06:00 [ERR] Error loading staff
Microsoft.Data.SqlClient.SqlException (0x80131904): Could not find stored procedure 'GetStaffs'.
   at Microsoft.Data.SqlClient.SqlCommand.<>c.<ExecuteDbDataReaderAsync>b__195_0(Task`1 result)
   at System.Threading.Tasks.ContinuationResultTaskFromResultTask`2.InnerInvoke()
   at System.Threading.ExecutionContext.RunInternal(ExecutionContext executionContext, ContextCallback callback, Object state)
--- End of stack trace from previous location ---
   at System.Threading.ExecutionContext.RunInternal(ExecutionContext executionContext, ContextCallback callback, Object state)
   at System.Threading.Tasks.Task.ExecuteWithThreadLocal(Task& currentTaskSlot, Thread threadPoolThread)
--- End of stack trace from previous location ---
   at DevSkill.Inventory.Infrastructure.Utilities.SqlUtility.ExecuteQueryAsync[TReturn](DbCommand command) in C:\Users\Nasim Reza\Desktop\Final Project\aspnet-b11-nasim\src\DevSkill.Inventory.sln\DevSkill.Inventory.Infrastructure\Utilities\SqlUtility.cs:line 237
   at DevSkill.Inventory.Infrastructure.Utilities.SqlUtility.QueryWithStoredProcedureAsync[TReturn](String storedProcedureName, IDictionary`2 parameters, IDictionary`2 outParameters) in C:\Users\Nasim Reza\Desktop\Final Project\aspnet-b11-nasim\src\DevSkill.Inventory.sln\DevSkill.Inventory.Infrastructure\Utilities\SqlUtility.cs:line 100
   at DevSkill.Inventory.Infrastructure.Utilities.SqlUtility.QueryWithStoredProcedureAsync[TReturn](String storedProcedureName, IDictionary`2 parameters, IDictionary`2 outParameters) in C:\Users\Nasim Reza\Desktop\Final Project\aspnet-b11-nasim\src\DevSkill.Inventory.sln\DevSkill.Inventory.Infrastructure\Utilities\SqlUtility.cs:line 106
   at DevSkill.Inventory.Infrastructure.ApplicationUnitOfWork.GetStaffsSP(Int32 pageIndex, Int32 pageSize, String orderBy, StaffSearchDto search) in C:\Users\Nasim Reza\Desktop\Final Project\aspnet-b11-nasim\src\DevSkill.Inventory.sln\DevSkill.Inventory.Infrastructure\ApplicationUnitOfWork.cs:line 476
   at DevSkill.Inventory.Application.Features.Staffs.Queries.GetStaffsSPQueryHandler.Handle(GetStaffsSPQuery request, CancellationToken cancellationToken) in C:\Users\Nasim Reza\Desktop\Final Project\aspnet-b11-nasim\src\DevSkill.Inventory.sln\DevSkill.Inventory.Application\Features\Staffs\Queries\GetStaffsSPQueryHandler.cs:line 23
   at DevSkill.Inventory.Web.Areas.Admin.Controllers.StaffsController.GetStaffsJsonData(StaffListModel model) in C:\Users\Nasim Reza\Desktop\Final Project\aspnet-b11-nasim\src\DevSkill.Inventory.sln\DevSkill.Inventory.Web\Areas\Admin\Controllers\StaffsController.cs:line 46
ClientConnectionId:6b3acd7c-a7d9-4a53-be44-db2658db8642
Error Number:2812,State:62,Class:16
2025-06-23 15:28:37.930 +06:00 [INF] Application Starting...17-jan
2025-06-23 15:28:37.955 +06:00 [INF] This is Nasim Reza Hridoy
2025-06-23 15:28:37.956 +06:00 [ERR] An error occurred while starting the application.
2025-06-23 15:28:38.548 +06:00 [FTL] Application crashed
Microsoft.Extensions.Hosting.HostAbortedException: The host was aborted.
   at Microsoft.Extensions.Hosting.HostFactoryResolver.HostingListener.ThrowHostAborted()
   at Microsoft.Extensions.Hosting.HostFactoryResolver.HostingListener.OnNext(KeyValuePair`2 value)
   at System.Diagnostics.DiagnosticListener.Write(String name, Object value)
   at Microsoft.Extensions.Hosting.HostBuilder.ResolveHost(IServiceProvider serviceProvider, DiagnosticListener diagnosticListener)
   at Microsoft.Extensions.Hosting.HostApplicationBuilder.Build()
   at Microsoft.AspNetCore.Builder.WebApplicationBuilder.Build()
   at Program.<Main>$(String[] args) in C:\Users\Nasim Reza\Desktop\Final Project\aspnet-b11-nasim\src\DevSkill.Inventory.sln\DevSkill.Inventory.Web\Program.cs:line 94
2025-06-23 15:30:37.851 +06:00 [INF] Application Starting...17-jan
2025-06-23 15:30:37.876 +06:00 [INF] This is Nasim Reza Hridoy
2025-06-23 15:30:37.876 +06:00 [ERR] An error occurred while starting the application.
2025-06-23 15:30:38.439 +06:00 [FTL] Application crashed
Microsoft.Extensions.Hosting.HostAbortedException: The host was aborted.
   at Microsoft.Extensions.Hosting.HostFactoryResolver.HostingListener.ThrowHostAborted()
   at Microsoft.Extensions.Hosting.HostFactoryResolver.HostingListener.OnNext(KeyValuePair`2 value)
   at System.Diagnostics.DiagnosticListener.Write(String name, Object value)
   at Microsoft.Extensions.Hosting.HostBuilder.ResolveHost(IServiceProvider serviceProvider, DiagnosticListener diagnosticListener)
   at Microsoft.Extensions.Hosting.HostApplicationBuilder.Build()
   at Microsoft.AspNetCore.Builder.WebApplicationBuilder.Build()
   at Program.<Main>$(String[] args) in C:\Users\Nasim Reza\Desktop\Final Project\aspnet-b11-nasim\src\DevSkill.Inventory.sln\DevSkill.Inventory.Web\Program.cs:line 94
2025-06-23 15:34:43.997 +06:00 [INF] Application Starting...17-jan
2025-06-23 15:34:44.035 +06:00 [INF] This is Nasim Reza Hridoy
2025-06-23 15:34:44.035 +06:00 [ERR] An error occurred while starting the application.
2025-06-23 15:34:46.552 +06:00 [INF] This is Nasim Reza
2025-06-23 15:34:46.572 +06:00 [INF] This is a test log entry to verify database logging.
2025-06-23 15:58:14.054 +06:00 [INF] Application Starting...17-jan
2025-06-23 15:58:14.088 +06:00 [INF] This is Nasim Reza Hridoy
2025-06-23 15:58:14.089 +06:00 [ERR] An error occurred while starting the application.
2025-06-23 15:58:16.362 +06:00 [INF] This is Nasim Reza
2025-06-23 15:58:16.380 +06:00 [INF] This is a test log entry to verify database logging.
2025-06-23 15:58:49.489 +06:00 [INF] Application Starting...17-jan
2025-06-23 15:58:49.526 +06:00 [INF] This is Nasim Reza Hridoy
2025-06-23 15:58:49.527 +06:00 [ERR] An error occurred while starting the application.
2025-06-23 15:58:51.830 +06:00 [INF] This is Nasim Reza
2025-06-23 15:58:51.844 +06:00 [INF] This is a test log entry to verify database logging.
2025-06-23 16:00:22.422 +06:00 [ERR] Error loading users
AutoMapper.AutoMapperMappingException: Missing type map configuration or unsupported mapping.

Mapping types:
UserSearchModel -> UserSearchDto
DevSkill.Inventory.Web.Areas.Admin.Models.UserModels.UserSearchModel -> DevSkill.Inventory.Domain.Dtos.UserSearchDto
   at lambda_method754(Closure, Object, UserSearchDto, ResolutionContext)
   at DevSkill.Inventory.Web.Areas.Admin.Controllers.UsersController.GetUsersJsonData(UserListModel model) in C:\Users\Nasim Reza\Desktop\Final Project\aspnet-b11-nasim\src\DevSkill.Inventory.sln\DevSkill.Inventory.Web\Areas\Admin\Controllers\UsersController.cs:line 36
2025-06-23 16:01:34.694 +06:00 [INF] Application Starting...17-jan
2025-06-23 16:01:34.719 +06:00 [INF] This is Nasim Reza Hridoy
2025-06-23 16:01:34.719 +06:00 [ERR] An error occurred while starting the application.
2025-06-23 16:01:35.252 +06:00 [FTL] Application crashed
Microsoft.Extensions.Hosting.HostAbortedException: The host was aborted.
   at Microsoft.Extensions.Hosting.HostFactoryResolver.HostingListener.ThrowHostAborted()
   at Microsoft.Extensions.Hosting.HostFactoryResolver.HostingListener.OnNext(KeyValuePair`2 value)
   at System.Diagnostics.DiagnosticListener.Write(String name, Object value)
   at Microsoft.Extensions.Hosting.HostBuilder.ResolveHost(IServiceProvider serviceProvider, DiagnosticListener diagnosticListener)
   at Microsoft.Extensions.Hosting.HostApplicationBuilder.Build()
   at Microsoft.AspNetCore.Builder.WebApplicationBuilder.Build()
   at Program.<Main>$(String[] args) in C:\Users\Nasim Reza\Desktop\Final Project\aspnet-b11-nasim\src\DevSkill.Inventory.sln\DevSkill.Inventory.Web\Program.cs:line 94
2025-06-23 16:02:13.585 +06:00 [INF] Application Starting...17-jan
2025-06-23 16:02:13.610 +06:00 [INF] This is Nasim Reza Hridoy
2025-06-23 16:02:13.610 +06:00 [ERR] An error occurred while starting the application.
2025-06-23 16:02:14.147 +06:00 [FTL] Application crashed
Microsoft.Extensions.Hosting.HostAbortedException: The host was aborted.
   at Microsoft.Extensions.Hosting.HostFactoryResolver.HostingListener.ThrowHostAborted()
   at Microsoft.Extensions.Hosting.HostFactoryResolver.HostingListener.OnNext(KeyValuePair`2 value)
   at System.Diagnostics.DiagnosticListener.Write(String name, Object value)
   at Microsoft.Extensions.Hosting.HostBuilder.ResolveHost(IServiceProvider serviceProvider, DiagnosticListener diagnosticListener)
   at Microsoft.Extensions.Hosting.HostApplicationBuilder.Build()
   at Microsoft.AspNetCore.Builder.WebApplicationBuilder.Build()
   at Program.<Main>$(String[] args) in C:\Users\Nasim Reza\Desktop\Final Project\aspnet-b11-nasim\src\DevSkill.Inventory.sln\DevSkill.Inventory.Web\Program.cs:line 94
2025-06-23 16:07:54.677 +06:00 [INF] Application Starting...17-jan
2025-06-23 16:07:54.723 +06:00 [INF] This is Nasim Reza Hridoy
2025-06-23 16:07:54.724 +06:00 [ERR] An error occurred while starting the application.
2025-06-23 16:07:57.111 +06:00 [INF] This is Nasim Reza
2025-06-23 16:07:57.128 +06:00 [INF] This is a test log entry to verify database logging.
2025-06-23 16:26:42.433 +06:00 [INF] Application Starting...17-jan
2025-06-23 16:26:42.464 +06:00 [INF] This is Nasim Reza Hridoy
2025-06-23 16:26:42.464 +06:00 [ERR] An error occurred while starting the application.
2025-06-23 16:26:44.912 +06:00 [INF] This is Nasim Reza
2025-06-23 16:26:44.929 +06:00 [INF] This is a test log entry to verify database logging.
2025-06-23 16:26:53.034 +06:00 [ERR] Error loading service sales
Microsoft.Data.SqlClient.SqlException (0x80131904): Procedure or function 'GetServiceSales' expects parameter '@TotalCount', which was not supplied.
   at Microsoft.Data.SqlClient.SqlCommand.<>c.<ExecuteDbDataReaderAsync>b__195_0(Task`1 result)
   at System.Threading.Tasks.ContinuationResultTaskFromResultTask`2.InnerInvoke()
   at System.Threading.ExecutionContext.RunInternal(ExecutionContext executionContext, ContextCallback callback, Object state)
--- End of stack trace from previous location ---
   at System.Threading.ExecutionContext.RunInternal(ExecutionContext executionContext, ContextCallback callback, Object state)
   at System.Threading.Tasks.Task.ExecuteWithThreadLocal(Task& currentTaskSlot, Thread threadPoolThread)
--- End of stack trace from previous location ---
   at DevSkill.Inventory.Infrastructure.Utilities.SqlUtility.ExecuteQueryAsync[TReturn](DbCommand command) in C:\Users\Nasim Reza\Desktop\Final Project\aspnet-b11-nasim\src\DevSkill.Inventory.sln\DevSkill.Inventory.Infrastructure\Utilities\SqlUtility.cs:line 237
   at DevSkill.Inventory.Infrastructure.Utilities.SqlUtility.QueryWithStoredProcedureAsync[TReturn](String storedProcedureName, IDictionary`2 parameters, IDictionary`2 outParameters) in C:\Users\Nasim Reza\Desktop\Final Project\aspnet-b11-nasim\src\DevSkill.Inventory.sln\DevSkill.Inventory.Infrastructure\Utilities\SqlUtility.cs:line 100
   at DevSkill.Inventory.Infrastructure.Utilities.SqlUtility.QueryWithStoredProcedureAsync[TReturn](String storedProcedureName, IDictionary`2 parameters, IDictionary`2 outParameters) in C:\Users\Nasim Reza\Desktop\Final Project\aspnet-b11-nasim\src\DevSkill.Inventory.sln\DevSkill.Inventory.Infrastructure\Utilities\SqlUtility.cs:line 106
   at DevSkill.Inventory.Infrastructure.ApplicationUnitOfWork.GetServiceSalesSP(Int32 pageIndex, Int32 pageSize, String order, ServiceSaleSearchDto search) in C:\Users\Nasim Reza\Desktop\Final Project\aspnet-b11-nasim\src\DevSkill.Inventory.sln\DevSkill.Inventory.Infrastructure\ApplicationUnitOfWork.cs:line 241
   at DevSkill.Inventory.Application.Features.ServiceSales.Queries.GetServiceSalesSPQueryHandler.Handle(GetServiceSalesSPQuery request, CancellationToken cancellationToken) in C:\Users\Nasim Reza\Desktop\Final Project\aspnet-b11-nasim\src\DevSkill.Inventory.sln\DevSkill.Inventory.Application\Features\ServiceSales\Queries\GetServiceSalesSPQueryHandler.cs:line 25
   at DevSkill.Inventory.Web.Areas.Admin.Controllers.ServiceSalesController.GetServiceSalesJsonData(ServiceSaleListModel model) in C:\Users\Nasim Reza\Desktop\Final Project\aspnet-b11-nasim\src\DevSkill.Inventory.sln\DevSkill.Inventory.Web\Areas\Admin\Controllers\ServiceSalesController.cs:line 129
ClientConnectionId:b3fed20c-4fb8-4c6e-b9c4-bf616d35bc85
Error Number:201,State:4,Class:16
2025-06-23 16:41:32.072 +06:00 [INF] Application Starting...17-jan
2025-06-23 16:41:32.103 +06:00 [INF] This is Nasim Reza Hridoy
2025-06-23 16:41:32.103 +06:00 [ERR] An error occurred while starting the application.
2025-06-23 16:41:34.227 +06:00 [INF] This is Nasim Reza
2025-06-23 16:41:34.243 +06:00 [INF] This is a test log entry to verify database logging.
2025-06-23 16:50:20.708 +06:00 [INF] Application Starting...17-jan
2025-06-23 16:50:20.744 +06:00 [INF] This is Nasim Reza Hridoy
2025-06-23 16:50:20.744 +06:00 [ERR] An error occurred while starting the application.
2025-06-23 16:50:23.020 +06:00 [INF] This is Nasim Reza
2025-06-23 16:50:23.037 +06:00 [INF] This is a test log entry to verify database logging.
2025-06-23 16:51:13.277 +06:00 [INF] Application Starting...17-jan
2025-06-23 16:51:13.313 +06:00 [INF] This is Nasim Reza Hridoy
2025-06-23 16:51:13.313 +06:00 [ERR] An error occurred while starting the application.
2025-06-23 16:51:15.914 +06:00 [INF] This is Nasim Reza
2025-06-23 16:51:15.939 +06:00 [INF] This is a test log entry to verify database logging.
2025-06-23 16:52:23.481 +06:00 [INF] Application Starting...17-jan
2025-06-23 16:52:23.520 +06:00 [INF] This is Nasim Reza Hridoy
2025-06-23 16:52:23.520 +06:00 [ERR] An error occurred while starting the application.
2025-06-23 16:52:25.831 +06:00 [INF] This is Nasim Reza
2025-06-23 16:52:25.854 +06:00 [INF] This is a test log entry to verify database logging.
2025-06-23 17:45:20.384 +06:00 [INF] Application Starting...17-jan
2025-06-23 17:45:20.422 +06:00 [INF] This is Nasim Reza Hridoy
2025-06-23 17:45:20.422 +06:00 [ERR] An error occurred while starting the application.
2025-06-23 17:45:23.191 +06:00 [INF] This is Nasim Reza
2025-06-23 17:45:23.208 +06:00 [INF] This is a test log entry to verify database logging.
2025-06-23 17:45:56.858 +06:00 [ERR] Error loading purchases
Microsoft.Data.SqlClient.SqlException (0x80131904): Could not find stored procedure 'GetPurchases'.
   at Microsoft.Data.SqlClient.SqlCommand.<>c.<ExecuteDbDataReaderAsync>b__195_0(Task`1 result)
   at System.Threading.Tasks.ContinuationResultTaskFromResultTask`2.InnerInvoke()
   at System.Threading.ExecutionContext.RunInternal(ExecutionContext executionContext, ContextCallback callback, Object state)
--- End of stack trace from previous location ---
   at System.Threading.ExecutionContext.RunInternal(ExecutionContext executionContext, ContextCallback callback, Object state)
   at System.Threading.Tasks.Task.ExecuteWithThreadLocal(Task& currentTaskSlot, Thread threadPoolThread)
--- End of stack trace from previous location ---
   at DevSkill.Inventory.Infrastructure.Utilities.SqlUtility.ExecuteQueryAsync[TReturn](DbCommand command) in C:\Users\Nasim Reza\Desktop\Final Project\aspnet-b11-nasim\src\DevSkill.Inventory.sln\DevSkill.Inventory.Infrastructure\Utilities\SqlUtility.cs:line 237
   at DevSkill.Inventory.Infrastructure.Utilities.SqlUtility.QueryWithStoredProcedureAsync[TReturn](String storedProcedureName, IDictionary`2 parameters, IDictionary`2 outParameters) in C:\Users\Nasim Reza\Desktop\Final Project\aspnet-b11-nasim\src\DevSkill.Inventory.sln\DevSkill.Inventory.Infrastructure\Utilities\SqlUtility.cs:line 100
   at DevSkill.Inventory.Infrastructure.Utilities.SqlUtility.QueryWithStoredProcedureAsync[TReturn](String storedProcedureName, IDictionary`2 parameters, IDictionary`2 outParameters) in C:\Users\Nasim Reza\Desktop\Final Project\aspnet-b11-nasim\src\DevSkill.Inventory.sln\DevSkill.Inventory.Infrastructure\Utilities\SqlUtility.cs:line 106
   at DevSkill.Inventory.Infrastructure.ApplicationUnitOfWork.GetPurchasesSP(Int32 pageIndex, Int32 pageSize, String orderBy, PurchaseSearchDto search) in C:\Users\Nasim Reza\Desktop\Final Project\aspnet-b11-nasim\src\DevSkill.Inventory.sln\DevSkill.Inventory.Infrastructure\ApplicationUnitOfWork.cs:line 109
   at DevSkill.Inventory.Application.Features.Purchases.Queries.GetPurchasesSPQueryHandler.Handle(GetPurchasesSPQuery request, CancellationToken cancellationToken) in C:\Users\Nasim Reza\Desktop\Final Project\aspnet-b11-nasim\src\DevSkill.Inventory.sln\DevSkill.Inventory.Application\Features\Purchases\Queries\GetPurchasesSPQueryHandler.cs:line 22
   at DevSkill.Inventory.Web.Areas.Admin.Controllers.PurchasesController.GetPurchasesJsonData(PurchaseListModel model) in C:\Users\Nasim Reza\Desktop\Final Project\aspnet-b11-nasim\src\DevSkill.Inventory.sln\DevSkill.Inventory.Web\Areas\Admin\Controllers\PurchasesController.cs:line 55
ClientConnectionId:17a84088-42f4-4a4c-ac9e-d02957a83eee
Error Number:2812,State:62,Class:16
2025-06-23 17:45:58.640 +06:00 [ERR] Error loading sales
Microsoft.Data.SqlClient.SqlException (0x80131904): Could not find stored procedure 'GetSales'.
   at Microsoft.Data.SqlClient.SqlCommand.<>c.<ExecuteDbDataReaderAsync>b__195_0(Task`1 result)
   at System.Threading.Tasks.ContinuationResultTaskFromResultTask`2.InnerInvoke()
   at System.Threading.ExecutionContext.RunInternal(ExecutionContext executionContext, ContextCallback callback, Object state)
--- End of stack trace from previous location ---
   at System.Threading.ExecutionContext.RunInternal(ExecutionContext executionContext, ContextCallback callback, Object state)
   at System.Threading.Tasks.Task.ExecuteWithThreadLocal(Task& currentTaskSlot, Thread threadPoolThread)
--- End of stack trace from previous location ---
   at DevSkill.Inventory.Infrastructure.Utilities.SqlUtility.ExecuteQueryAsync[TReturn](DbCommand command) in C:\Users\Nasim Reza\Desktop\Final Project\aspnet-b11-nasim\src\DevSkill.Inventory.sln\DevSkill.Inventory.Infrastructure\Utilities\SqlUtility.cs:line 237
   at DevSkill.Inventory.Infrastructure.Utilities.SqlUtility.QueryWithStoredProcedureAsync[TReturn](String storedProcedureName, IDictionary`2 parameters, IDictionary`2 outParameters) in C:\Users\Nasim Reza\Desktop\Final Project\aspnet-b11-nasim\src\DevSkill.Inventory.sln\DevSkill.Inventory.Infrastructure\Utilities\SqlUtility.cs:line 100
   at DevSkill.Inventory.Infrastructure.Utilities.SqlUtility.QueryWithStoredProcedureAsync[TReturn](String storedProcedureName, IDictionary`2 parameters, IDictionary`2 outParameters) in C:\Users\Nasim Reza\Desktop\Final Project\aspnet-b11-nasim\src\DevSkill.Inventory.sln\DevSkill.Inventory.Infrastructure\Utilities\SqlUtility.cs:line 106
   at DevSkill.Inventory.Infrastructure.ApplicationUnitOfWork.GetSalesSP(Int32 pageIndex, Int32 pageSize, String orderBy, SaleSearchDto search) in C:\Users\Nasim Reza\Desktop\Final Project\aspnet-b11-nasim\src\DevSkill.Inventory.sln\DevSkill.Inventory.Infrastructure\ApplicationUnitOfWork.cs:line 137
   at DevSkill.Inventory.Application.Features.Sales.Queries.GetSalesSPQueryHandler.Handle(GetSalesSPQuery request, CancellationToken cancellationToken) in C:\Users\Nasim Reza\Desktop\Final Project\aspnet-b11-nasim\src\DevSkill.Inventory.sln\DevSkill.Inventory.Application\Features\Sales\Queries\GetSalesSPQueryHandler.cs:line 23
   at DevSkill.Inventory.Web.Areas.Admin.Controllers.SalesController.GetSalesJsonData(SalesListModel model) in C:\Users\Nasim Reza\Desktop\Final Project\aspnet-b11-nasim\src\DevSkill.Inventory.sln\DevSkill.Inventory.Web\Areas\Admin\Controllers\SalesController.cs:line 51
ClientConnectionId:17a84088-42f4-4a4c-ac9e-d02957a83eee
Error Number:2812,State:62,Class:16
2025-06-23 17:45:59.311 +06:00 [ERR] Error loading sales return data
Microsoft.Data.SqlClient.SqlException (0x80131904): Could not find stored procedure 'GetSalesReturns'.
   at Microsoft.Data.SqlClient.SqlCommand.<>c.<ExecuteDbDataReaderAsync>b__195_0(Task`1 result)
   at System.Threading.Tasks.ContinuationResultTaskFromResultTask`2.InnerInvoke()
   at System.Threading.ExecutionContext.RunInternal(ExecutionContext executionContext, ContextCallback callback, Object state)
--- End of stack trace from previous location ---
   at System.Threading.ExecutionContext.RunInternal(ExecutionContext executionContext, ContextCallback callback, Object state)
   at System.Threading.Tasks.Task.ExecuteWithThreadLocal(Task& currentTaskSlot, Thread threadPoolThread)
--- End of stack trace from previous location ---
   at DevSkill.Inventory.Infrastructure.Utilities.SqlUtility.ExecuteQueryAsync[TReturn](DbCommand command) in C:\Users\Nasim Reza\Desktop\Final Project\aspnet-b11-nasim\src\DevSkill.Inventory.sln\DevSkill.Inventory.Infrastructure\Utilities\SqlUtility.cs:line 237
   at DevSkill.Inventory.Infrastructure.Utilities.SqlUtility.QueryWithStoredProcedureAsync[TReturn](String storedProcedureName, IDictionary`2 parameters, IDictionary`2 outParameters) in C:\Users\Nasim Reza\Desktop\Final Project\aspnet-b11-nasim\src\DevSkill.Inventory.sln\DevSkill.Inventory.Infrastructure\Utilities\SqlUtility.cs:line 100
   at DevSkill.Inventory.Infrastructure.Utilities.SqlUtility.QueryWithStoredProcedureAsync[TReturn](String storedProcedureName, IDictionary`2 parameters, IDictionary`2 outParameters) in C:\Users\Nasim Reza\Desktop\Final Project\aspnet-b11-nasim\src\DevSkill.Inventory.sln\DevSkill.Inventory.Infrastructure\Utilities\SqlUtility.cs:line 106
   at DevSkill.Inventory.Infrastructure.ApplicationUnitOfWork.GetSalesReturnsSP(Int32 pageIndex, Int32 pageSize, String order, SalesReturnSearchDto search) in C:\Users\Nasim Reza\Desktop\Final Project\aspnet-b11-nasim\src\DevSkill.Inventory.sln\DevSkill.Inventory.Infrastructure\ApplicationUnitOfWork.cs:line 164
   at DevSkill.Inventory.Application.Features.SalesReturns.Queries.GetSalesReturnsSPQueryHandler.Handle(GetSalesReturnsSPQuery request, CancellationToken cancellationToken) in C:\Users\Nasim Reza\Desktop\Final Project\aspnet-b11-nasim\src\DevSkill.Inventory.sln\DevSkill.Inventory.Application\Features\SalesReturns\Queries\GetSalesReturnsQueryHandler.cs:line 23
   at DevSkill.Inventory.Web.Areas.Admin.Controllers.SalesController.GetSalesReturnsJsonData(SalesReturnListModel model) in C:\Users\Nasim Reza\Desktop\Final Project\aspnet-b11-nasim\src\DevSkill.Inventory.sln\DevSkill.Inventory.Web\Areas\Admin\Controllers\SalesController.cs:line 99
ClientConnectionId:17a84088-42f4-4a4c-ac9e-d02957a83eee
Error Number:2812,State:62,Class:16
2025-06-23 17:46:00.102 +06:00 [ERR] Error loading purchase returns
Microsoft.Data.SqlClient.SqlException (0x80131904): Could not find stored procedure 'GetPurchaseReturns'.
   at Microsoft.Data.SqlClient.SqlCommand.<>c.<ExecuteDbDataReaderAsync>b__195_0(Task`1 result)
   at System.Threading.Tasks.ContinuationResultTaskFromResultTask`2.InnerInvoke()
   at System.Threading.ExecutionContext.RunInternal(ExecutionContext executionContext, ContextCallback callback, Object state)
--- End of stack trace from previous location ---
   at System.Threading.ExecutionContext.RunInternal(ExecutionContext executionContext, ContextCallback callback, Object state)
   at System.Threading.Tasks.Task.ExecuteWithThreadLocal(Task& currentTaskSlot, Thread threadPoolThread)
--- End of stack trace from previous location ---
   at DevSkill.Inventory.Infrastructure.Utilities.SqlUtility.ExecuteQueryAsync[TReturn](DbCommand command) in C:\Users\Nasim Reza\Desktop\Final Project\aspnet-b11-nasim\src\DevSkill.Inventory.sln\DevSkill.Inventory.Infrastructure\Utilities\SqlUtility.cs:line 237
   at DevSkill.Inventory.Infrastructure.Utilities.SqlUtility.QueryWithStoredProcedureAsync[TReturn](String storedProcedureName, IDictionary`2 parameters, IDictionary`2 outParameters) in C:\Users\Nasim Reza\Desktop\Final Project\aspnet-b11-nasim\src\DevSkill.Inventory.sln\DevSkill.Inventory.Infrastructure\Utilities\SqlUtility.cs:line 100
   at DevSkill.Inventory.Infrastructure.Utilities.SqlUtility.QueryWithStoredProcedureAsync[TReturn](String storedProcedureName, IDictionary`2 parameters, IDictionary`2 outParameters) in C:\Users\Nasim Reza\Desktop\Final Project\aspnet-b11-nasim\src\DevSkill.Inventory.sln\DevSkill.Inventory.Infrastructure\Utilities\SqlUtility.cs:line 106
   at DevSkill.Inventory.Infrastructure.ApplicationUnitOfWork.GetPurchaseReturnsSP(Int32 pageIndex, Int32 pageSize, String order, PurchaseReturnSearchDto search) in C:\Users\Nasim Reza\Desktop\Final Project\aspnet-b11-nasim\src\DevSkill.Inventory.sln\DevSkill.Inventory.Infrastructure\ApplicationUnitOfWork.cs:line 193
   at DevSkill.Inventory.Application.Features.PurchaseReturns.Queries.GetPurchaseReturnsSPQueryHandler.Handle(GetPurchaseReturnsSPQuery request, CancellationToken cancellationToken) in C:\Users\Nasim Reza\Desktop\Final Project\aspnet-b11-nasim\src\DevSkill.Inventory.sln\DevSkill.Inventory.Application\Features\PurchaseReturns\Queries\GetPurchaseReturnsSPQueryHandler.cs:line 23
   at DevSkill.Inventory.Web.Areas.Admin.Controllers.PurchasesController.GetPurchaseReturnsJsonData(PurchaseReturnListModel model) in C:\Users\Nasim Reza\Desktop\Final Project\aspnet-b11-nasim\src\DevSkill.Inventory.sln\DevSkill.Inventory.Web\Areas\Admin\Controllers\PurchasesController.cs:line 103
ClientConnectionId:17a84088-42f4-4a4c-ac9e-d02957a83eee
Error Number:2812,State:62,Class:16
2025-06-23 17:46:01.160 +06:00 [ERR] Error loading service data
AutoMapper.AutoMapperMappingException: Missing type map configuration or unsupported mapping.

Mapping types:
ServiceSearchModel -> ServiceSearchDto
DevSkill.Inventory.Web.Areas.Admin.Models.ServicesModels.ServiceSearchModel -> DevSkill.Inventory.Domain.Dtos.ServiceSearchDto
   at lambda_method1029(Closure, Object, ServiceSearchDto, ResolutionContext)
   at DevSkill.Inventory.Web.Areas.Admin.Controllers.ServicesController.GetServicesJsonData(ServiceListModel model) in C:\Users\Nasim Reza\Desktop\Final Project\aspnet-b11-nasim\src\DevSkill.Inventory.sln\DevSkill.Inventory.Web\Areas\Admin\Controllers\ServicesController.cs:line 36
2025-06-23 17:46:02.660 +06:00 [ERR] Error loading service sales
Microsoft.Data.SqlClient.SqlException (0x80131904): Procedure or function 'GetServiceSales' expects parameter '@TotalCount', which was not supplied.
   at Microsoft.Data.SqlClient.SqlCommand.<>c.<ExecuteDbDataReaderAsync>b__195_0(Task`1 result)
   at System.Threading.Tasks.ContinuationResultTaskFromResultTask`2.InnerInvoke()
   at System.Threading.ExecutionContext.RunInternal(ExecutionContext executionContext, ContextCallback callback, Object state)
--- End of stack trace from previous location ---
   at System.Threading.ExecutionContext.RunInternal(ExecutionContext executionContext, ContextCallback callback, Object state)
   at System.Threading.Tasks.Task.ExecuteWithThreadLocal(Task& currentTaskSlot, Thread threadPoolThread)
--- End of stack trace from previous location ---
   at DevSkill.Inventory.Infrastructure.Utilities.SqlUtility.ExecuteQueryAsync[TReturn](DbCommand command) in C:\Users\Nasim Reza\Desktop\Final Project\aspnet-b11-nasim\src\DevSkill.Inventory.sln\DevSkill.Inventory.Infrastructure\Utilities\SqlUtility.cs:line 237
   at DevSkill.Inventory.Infrastructure.Utilities.SqlUtility.QueryWithStoredProcedureAsync[TReturn](String storedProcedureName, IDictionary`2 parameters, IDictionary`2 outParameters) in C:\Users\Nasim Reza\Desktop\Final Project\aspnet-b11-nasim\src\DevSkill.Inventory.sln\DevSkill.Inventory.Infrastructure\Utilities\SqlUtility.cs:line 100
   at DevSkill.Inventory.Infrastructure.Utilities.SqlUtility.QueryWithStoredProcedureAsync[TReturn](String storedProcedureName, IDictionary`2 parameters, IDictionary`2 outParameters) in C:\Users\Nasim Reza\Desktop\Final Project\aspnet-b11-nasim\src\DevSkill.Inventory.sln\DevSkill.Inventory.Infrastructure\Utilities\SqlUtility.cs:line 106
   at DevSkill.Inventory.Infrastructure.ApplicationUnitOfWork.GetServiceSalesSP(Int32 pageIndex, Int32 pageSize, String order, ServiceSaleSearchDto search) in C:\Users\Nasim Reza\Desktop\Final Project\aspnet-b11-nasim\src\DevSkill.Inventory.sln\DevSkill.Inventory.Infrastructure\ApplicationUnitOfWork.cs:line 241
   at DevSkill.Inventory.Application.Features.ServiceSales.Queries.GetServiceSalesSPQueryHandler.Handle(GetServiceSalesSPQuery request, CancellationToken cancellationToken) in C:\Users\Nasim Reza\Desktop\Final Project\aspnet-b11-nasim\src\DevSkill.Inventory.sln\DevSkill.Inventory.Application\Features\ServiceSales\Queries\GetServiceSalesSPQueryHandler.cs:line 25
   at DevSkill.Inventory.Web.Areas.Admin.Controllers.ServiceSalesController.GetServiceSalesJsonData(ServiceSaleListModel model) in C:\Users\Nasim Reza\Desktop\Final Project\aspnet-b11-nasim\src\DevSkill.Inventory.sln\DevSkill.Inventory.Web\Areas\Admin\Controllers\ServiceSalesController.cs:line 129
ClientConnectionId:17a84088-42f4-4a4c-ac9e-d02957a83eee
Error Number:201,State:4,Class:16
2025-06-23 17:46:46.383 +06:00 [INF] Application Starting...17-jan
2025-06-23 17:46:46.418 +06:00 [INF] This is Nasim Reza Hridoy
2025-06-23 17:46:46.418 +06:00 [ERR] An error occurred while starting the application.
2025-06-23 17:46:48.977 +06:00 [INF] This is Nasim Reza
2025-06-23 17:46:48.995 +06:00 [INF] This is a test log entry to verify database logging.
2025-06-23 18:44:29.365 +06:00 [INF] Application Starting...17-jan
2025-06-23 18:44:29.441 +06:00 [INF] This is Nasim Reza Hridoy
2025-06-23 18:44:29.441 +06:00 [ERR] An error occurred while starting the application.
2025-06-23 18:44:33.862 +06:00 [INF] This is Nasim Reza
2025-06-23 18:44:33.883 +06:00 [INF] This is a test log entry to verify database logging.
2025-06-23 20:00:56.937 +06:00 [INF] Application Starting...17-jan
2025-06-23 20:00:56.978 +06:00 [INF] This is Nasim Reza Hridoy
2025-06-23 20:00:56.978 +06:00 [ERR] An error occurred while starting the application.
2025-06-23 20:01:00.289 +06:00 [INF] This is Nasim Reza
2025-06-23 20:01:00.309 +06:00 [INF] This is a test log entry to verify database logging.
2025-06-23 20:06:00.532 +06:00 [INF] Application Starting...17-jan
2025-06-23 20:06:00.574 +06:00 [INF] This is Nasim Reza Hridoy
2025-06-23 20:06:00.574 +06:00 [ERR] An error occurred while starting the application.
2025-06-23 20:06:03.193 +06:00 [INF] This is Nasim Reza
2025-06-23 20:06:03.209 +06:00 [INF] This is a test log entry to verify database logging.
2025-06-23 20:35:48.926 +06:00 [INF] Application Starting...17-jan
2025-06-23 20:35:48.963 +06:00 [INF] This is Nasim Reza Hridoy
2025-06-23 20:35:48.963 +06:00 [ERR] An error occurred while starting the application.
2025-06-23 20:35:51.499 +06:00 [INF] This is Nasim Reza
2025-06-23 20:35:51.517 +06:00 [INF] This is a test log entry to verify database logging.
2025-06-23 20:41:34.440 +06:00 [INF] Application Starting...17-jan
2025-06-23 20:41:34.474 +06:00 [INF] This is Nasim Reza Hridoy
2025-06-23 20:41:34.474 +06:00 [ERR] An error occurred while starting the application.
2025-06-23 20:41:37.451 +06:00 [INF] This is Nasim Reza
2025-06-23 20:41:37.473 +06:00 [INF] This is a test log entry to verify database logging.
