2025-07-10 13:01:21.814 +06:00 [INF] Application Starting...17-jan
2025-07-10 13:01:21.852 +06:00 [INF] This is Nasim Reza Hridoy
2025-07-10 13:01:21.852 +06:00 [ERR] An error occurred while starting the application.
2025-07-10 13:01:26.590 +06:00 [INF] This is Nasim Reza
2025-07-10 13:01:26.632 +06:00 [INF] This is a test log entry to verify database logging.
2025-07-10 13:01:31.113 +06:00 [INF] This is Nasim Reza
2025-07-10 13:01:31.115 +06:00 [INF] This is a test log entry to verify database logging.
2025-07-10 13:01:50.418 +06:00 [INF] This is Nasim Reza
2025-07-10 13:01:50.420 +06:00 [INF] This is a test log entry to verify database logging.
2025-07-10 13:01:57.054 +06:00 [INF] This is Nasim Reza
2025-07-10 13:01:57.056 +06:00 [INF] This is a test log entry to verify database logging.
2025-07-10 13:10:11.924 +06:00 [INF] Application Starting...17-jan
2025-07-10 13:10:11.957 +06:00 [INF] This is Nasim Reza Hridoy
2025-07-10 13:10:11.957 +06:00 [ERR] An error occurred while starting the application.
2025-07-10 13:10:14.318 +06:00 [INF] This is Nasim Reza
2025-07-10 13:10:14.334 +06:00 [INF] This is a test log entry to verify database logging.
2025-07-10 13:10:39.991 +06:00 [INF] Application Starting...17-jan
2025-07-10 13:10:40.024 +06:00 [INF] This is Nasim Reza Hridoy
2025-07-10 13:10:40.024 +06:00 [ERR] An error occurred while starting the application.
2025-07-10 13:10:42.441 +06:00 [INF] This is Nasim Reza
2025-07-10 13:10:42.455 +06:00 [INF] This is a test log entry to verify database logging.
2025-07-10 13:14:02.579 +06:00 [INF] Application Starting...17-jan
2025-07-10 13:14:02.612 +06:00 [INF] This is Nasim Reza Hridoy
2025-07-10 13:14:02.612 +06:00 [ERR] An error occurred while starting the application.
2025-07-10 13:14:05.127 +06:00 [INF] This is Nasim Reza
2025-07-10 13:14:05.141 +06:00 [INF] This is a test log entry to verify database logging.
2025-07-10 13:22:20.258 +06:00 [INF] Application Starting...17-jan
2025-07-10 13:22:20.290 +06:00 [INF] This is Nasim Reza Hridoy
2025-07-10 13:22:20.290 +06:00 [ERR] An error occurred while starting the application.
2025-07-10 13:22:22.823 +06:00 [INF] This is Nasim Reza
2025-07-10 13:22:22.839 +06:00 [INF] This is a test log entry to verify database logging.
2025-07-10 13:28:44.225 +06:00 [INF] Application Starting...17-jan
2025-07-10 13:28:44.256 +06:00 [INF] This is Nasim Reza Hridoy
2025-07-10 13:28:44.256 +06:00 [ERR] An error occurred while starting the application.
2025-07-10 13:28:46.623 +06:00 [INF] This is Nasim Reza
2025-07-10 13:28:46.639 +06:00 [INF] This is a test log entry to verify database logging.
2025-07-10 13:32:51.571 +06:00 [INF] Application Starting...17-jan
2025-07-10 13:32:51.602 +06:00 [INF] This is Nasim Reza Hridoy
2025-07-10 13:32:51.602 +06:00 [ERR] An error occurred while starting the application.
2025-07-10 13:32:54.097 +06:00 [INF] This is Nasim Reza
2025-07-10 13:32:54.113 +06:00 [INF] This is a test log entry to verify database logging.
2025-07-10 13:36:18.845 +06:00 [ERR] An unhandled exception has occurred while executing the request.
System.NullReferenceException: Object reference not set to an instance of an object.
   at DevSkill.Inventory.Web.Controllers.AccountController.RegisterAsync(RegisterModel model)
   at Microsoft.AspNetCore.Mvc.Infrastructure.ActionMethodExecutor.TaskOfIActionResultExecutor.Execute(ActionContext actionContext, IActionResultTypeMapper mapper, ObjectMethodExecutor executor, Object controller, Object[] arguments)
   at Microsoft.AspNetCore.Mvc.Infrastructure.ControllerActionInvoker.<InvokeActionMethodAsync>g__Awaited|12_0(ControllerActionInvoker invoker, ValueTask`1 actionResultValueTask)
   at Microsoft.AspNetCore.Mvc.Infrastructure.ControllerActionInvoker.<InvokeNextActionFilterAsync>g__Awaited|10_0(ControllerActionInvoker invoker, Task lastTask, State next, Scope scope, Object state, Boolean isCompleted)
   at Microsoft.AspNetCore.Mvc.Infrastructure.ControllerActionInvoker.Rethrow(ActionExecutedContextSealed context)
   at Microsoft.AspNetCore.Mvc.Infrastructure.ControllerActionInvoker.Next(State& next, Scope& scope, Object& state, Boolean& isCompleted)
   at Microsoft.AspNetCore.Mvc.Infrastructure.ControllerActionInvoker.InvokeInnerFilterAsync()
--- End of stack trace from previous location ---
   at Microsoft.AspNetCore.Mvc.Infrastructure.ResourceInvoker.<InvokeNextResourceFilter>g__Awaited|25_0(ResourceInvoker invoker, Task lastTask, State next, Scope scope, Object state, Boolean isCompleted)
   at Microsoft.AspNetCore.Mvc.Infrastructure.ResourceInvoker.Rethrow(ResourceExecutedContextSealed context)
   at Microsoft.AspNetCore.Mvc.Infrastructure.ResourceInvoker.Next(State& next, Scope& scope, Object& state, Boolean& isCompleted)
   at Microsoft.AspNetCore.Mvc.Infrastructure.ResourceInvoker.InvokeFilterPipelineAsync()
--- End of stack trace from previous location ---
   at Microsoft.AspNetCore.Mvc.Infrastructure.ResourceInvoker.<InvokeAsync>g__Awaited|17_0(ResourceInvoker invoker, Task task, IDisposable scope)
   at Microsoft.AspNetCore.Mvc.Infrastructure.ResourceInvoker.<InvokeAsync>g__Awaited|17_0(ResourceInvoker invoker, Task task, IDisposable scope)
   at Microsoft.AspNetCore.Authorization.AuthorizationMiddleware.Invoke(HttpContext context)
   at Microsoft.AspNetCore.Authentication.AuthenticationMiddleware.Invoke(HttpContext context)
   at Microsoft.AspNetCore.Diagnostics.DeveloperExceptionPageMiddlewareImpl.Invoke(HttpContext context)
