2025-06-14 15:03:12.106 +06:00 [INF] Application Starting...17-jan
2025-06-14 15:03:12.140 +06:00 [INF] This is Nasim Reza Reyad
2025-06-14 15:03:12.141 +06:00 [ERR] An error occurred while starting the application.
2025-06-14 15:03:16.192 +06:00 [INF] This is Nasim Reza
2025-06-14 15:03:16.210 +06:00 [INF] This is a test log entry to verify database logging.
2025-06-14 15:07:18.341 +06:00 [INF] Application Starting...17-jan
2025-06-14 15:07:18.376 +06:00 [INF] This is Nasim Reza Reyad
2025-06-14 15:07:18.377 +06:00 [ERR] An error occurred while starting the application.
2025-06-14 15:07:20.580 +06:00 [INF] This is Nasim Reza
2025-06-14 15:07:20.596 +06:00 [INF] This is a test log entry to verify database logging.
2025-06-14 15:16:29.784 +06:00 [INF] This is Nasim Reza
2025-06-14 15:16:29.948 +06:00 [INF] This is a test log entry to verify database logging.
2025-06-14 15:46:17.328 +06:00 [INF] Application Starting...17-jan
2025-06-14 15:46:17.361 +06:00 [INF] This is Nasim Reza Reyad
2025-06-14 15:46:17.361 +06:00 [ERR] An error occurred while starting the application.
2025-06-14 15:46:20.085 +06:00 [INF] This is Nasim Reza
2025-06-14 15:46:20.100 +06:00 [INF] This is a test log entry to verify database logging.
2025-06-14 16:01:55.547 +06:00 [WRN] The static asset '/admin-lte-4/assets/img/Sunshine_Logo_2.png' was not found in the built time manifest. This file will not be available at runtime if it is not available at compile time during the publish process. If the file was not added to the project during development, and is created at runtime, use the StaticFiles middleware to serve it instead.
2025-06-14 16:02:21.423 +06:00 [WRN] The static asset '/admin-lte-4/assets/img/Sunshine_Logo_2.png' was not found in the built time manifest. This file will not be available at runtime if it is not available at compile time during the publish process. If the file was not added to the project during development, and is created at runtime, use the StaticFiles middleware to serve it instead.
2025-06-14 16:02:44.665 +06:00 [WRN] The static asset '/admin-lte-4/assets/img/Sunshine_Logo_2.png' was not found in the built time manifest. This file will not be available at runtime if it is not available at compile time during the publish process. If the file was not added to the project during development, and is created at runtime, use the StaticFiles middleware to serve it instead.
2025-06-14 16:05:18.247 +06:00 [WRN] The static asset '/admin-lte-4/assets/img/Sunshine_Logo_2.png' was not found in the built time manifest. This file will not be available at runtime if it is not available at compile time during the publish process. If the file was not added to the project during development, and is created at runtime, use the StaticFiles middleware to serve it instead.
2025-06-14 16:15:36.383 +06:00 [INF] Application Starting...17-jan
2025-06-14 16:15:36.417 +06:00 [INF] This is Nasim Reza Reyad
2025-06-14 16:15:36.417 +06:00 [ERR] An error occurred while starting the application.
2025-06-14 16:15:41.622 +06:00 [INF] This is Nasim Reza
2025-06-14 16:15:41.639 +06:00 [INF] This is a test log entry to verify database logging.
2025-06-14 16:44:28.723 +06:00 [INF] Application Starting...17-jan
2025-06-14 16:44:28.763 +06:00 [INF] This is Nasim Reza Reyad
2025-06-14 16:44:28.764 +06:00 [ERR] An error occurred while starting the application.
2025-06-14 16:44:31.444 +06:00 [INF] This is Nasim Reza
2025-06-14 16:44:31.463 +06:00 [INF] This is a test log entry to verify database logging.
2025-06-14 17:04:53.174 +06:00 [INF] Application Starting...17-jan
2025-06-14 17:04:53.214 +06:00 [INF] This is Nasim Reza Reyad
2025-06-14 17:04:53.214 +06:00 [ERR] An error occurred while starting the application.
2025-06-14 17:04:56.647 +06:00 [INF] This is Nasim Reza
2025-06-14 17:04:56.668 +06:00 [INF] This is a test log entry to verify database logging.
2025-06-14 17:25:35.991 +06:00 [ERR] An unhandled exception has occurred while executing the request.
2025-06-14 17:25:36.023 +06:00 [ERR] An exception was thrown attempting to display the error page.
System.TypeLoadException: Could not resolve type 'AspNetCoreGeneratedDocument.Areas_Admin_Views_Dashboard_Index+<ExecuteAsync>d__0#3' in assembly 'DevSkill.Inventory.Web, Version=1.0.0.0, Culture=neutral, PublicKeyToken=null'.
   at System.Reflection.TypeNameResolver.GetTypeFromDefaultAssemblies(String typeName, ReadOnlySpan`1 nestedTypeNames, TypeName parsedName)
   at System.Reflection.TypeNameResolver.GetType(String escapedTypeName, ReadOnlySpan`1 nestedTypeNames, TypeName parsedName)
   at System.Reflection.TypeNameResolver.Resolve(TypeName typeName)
   at System.Reflection.TypeNameResolver.GetTypeHelper(Char* pTypeName, RuntimeAssembly requestingAssembly, Boolean throwOnError, Boolean requireAssemblyQualifiedName)
   at System.Reflection.CustomAttribute.<CreateCustomAttributeInstance>g____PInvoke|30_0(QCallModule __pModule_native, ObjectHandleOnStack __type_native, ObjectHandleOnStack __pCtor_native, IntPtr* __ppBlob_native, IntPtr __pEndBlob_native, Int32* __pcNamedArgs_native, ObjectHandleOnStack __instance_native)
   at System.Reflection.CustomAttribute.AddCustomAttributes(ListBuilder`1& attributes, RuntimeModule decoratedModule, Int32 decoratedMetadataToken, RuntimeType attributeFilterType, Boolean mustBeInheritable, ListBuilder`1 derivedAttributes)
   at System.Reflection.CustomAttribute.GetCustomAttributes(RuntimeMethodInfo method, RuntimeType caType, Boolean inherit)
   at System.Attribute.GetCustomAttributes(MemberInfo element, Type attributeType, Boolean inherit)
   at System.Reflection.CustomAttributeExtensions.GetCustomAttributes[T](MemberInfo element)
   at Microsoft.Extensions.StackTrace.Sources.StackTraceHelper.TryResolveStateMachineMethod(MethodBase& method, Type& declaringType)
   at Microsoft.Extensions.StackTrace.Sources.StackTraceHelper.GetMethodDisplayString(MethodBase method)
   at Microsoft.Extensions.StackTrace.Sources.StackTraceHelper.GetFrames(Exception exception, AggregateException& error)
   at Microsoft.Extensions.StackTrace.Sources.ExceptionDetailsProvider.GetStackFrames(Exception original)
   at Microsoft.Extensions.StackTrace.Sources.ExceptionDetailsProvider.GetDetails(Exception exception)+MoveNext()
   at Microsoft.AspNetCore.Diagnostics.RazorViews.ErrorPage.ExecuteAsync()
   at Microsoft.Extensions.RazorViews.BaseView.ExecuteAsync(HttpContext context)
   at Microsoft.AspNetCore.Diagnostics.EntityFrameworkCore.DatabaseDeveloperPageExceptionFilter.HandleExceptionAsync(ErrorContext errorContext, Func`2 next)
   at Microsoft.AspNetCore.Diagnostics.DeveloperExceptionPageMiddlewareImpl.Invoke(HttpContext context)
2025-06-14 17:25:36.039 +06:00 [ERR] Connection id "0HNDB6D5PSUS6", Request id "0HNDB6D5PSUS6:00000033": An unhandled exception was thrown by the application.
2025-06-14 17:26:08.371 +06:00 [ERR] An unhandled exception has occurred while executing the request.
2025-06-14 17:26:08.375 +06:00 [ERR] An exception was thrown attempting to display the error page.
System.TypeLoadException: Could not resolve type 'AspNetCoreGeneratedDocument.Areas_Admin_Views_Dashboard_Index+<ExecuteAsync>d__0#4' in assembly 'DevSkill.Inventory.Web, Version=1.0.0.0, Culture=neutral, PublicKeyToken=null'.
   at System.Reflection.TypeNameResolver.GetTypeFromDefaultAssemblies(String typeName, ReadOnlySpan`1 nestedTypeNames, TypeName parsedName)
   at System.Reflection.TypeNameResolver.GetType(String escapedTypeName, ReadOnlySpan`1 nestedTypeNames, TypeName parsedName)
   at System.Reflection.TypeNameResolver.Resolve(TypeName typeName)
   at System.Reflection.TypeNameResolver.GetTypeHelper(Char* pTypeName, RuntimeAssembly requestingAssembly, Boolean throwOnError, Boolean requireAssemblyQualifiedName)
   at System.Reflection.CustomAttribute.<CreateCustomAttributeInstance>g____PInvoke|30_0(QCallModule __pModule_native, ObjectHandleOnStack __type_native, ObjectHandleOnStack __pCtor_native, IntPtr* __ppBlob_native, IntPtr __pEndBlob_native, Int32* __pcNamedArgs_native, ObjectHandleOnStack __instance_native)
   at System.Reflection.CustomAttribute.AddCustomAttributes(ListBuilder`1& attributes, RuntimeModule decoratedModule, Int32 decoratedMetadataToken, RuntimeType attributeFilterType, Boolean mustBeInheritable, ListBuilder`1 derivedAttributes)
   at System.Reflection.CustomAttribute.GetCustomAttributes(RuntimeMethodInfo method, RuntimeType caType, Boolean inherit)
   at System.Attribute.GetCustomAttributes(MemberInfo element, Type attributeType, Boolean inherit)
   at System.Reflection.CustomAttributeExtensions.GetCustomAttributes[T](MemberInfo element)
   at Microsoft.Extensions.StackTrace.Sources.StackTraceHelper.TryResolveStateMachineMethod(MethodBase& method, Type& declaringType)
   at Microsoft.Extensions.StackTrace.Sources.StackTraceHelper.GetMethodDisplayString(MethodBase method)
   at Microsoft.Extensions.StackTrace.Sources.StackTraceHelper.GetFrames(Exception exception, AggregateException& error)
   at Microsoft.Extensions.StackTrace.Sources.ExceptionDetailsProvider.GetStackFrames(Exception original)
   at Microsoft.Extensions.StackTrace.Sources.ExceptionDetailsProvider.GetDetails(Exception exception)+MoveNext()
   at Microsoft.AspNetCore.Diagnostics.RazorViews.ErrorPage.ExecuteAsync()
   at Microsoft.Extensions.RazorViews.BaseView.ExecuteAsync(HttpContext context)
   at Microsoft.AspNetCore.Diagnostics.EntityFrameworkCore.DatabaseDeveloperPageExceptionFilter.HandleExceptionAsync(ErrorContext errorContext, Func`2 next)
   at Microsoft.AspNetCore.Diagnostics.DeveloperExceptionPageMiddlewareImpl.Invoke(HttpContext context)
2025-06-14 17:26:59.881 +06:00 [INF] Application Starting...17-jan
2025-06-14 17:26:59.915 +06:00 [INF] This is Nasim Reza Reyad
2025-06-14 17:26:59.915 +06:00 [ERR] An error occurred while starting the application.
2025-06-14 17:27:02.678 +06:00 [INF] This is Nasim Reza
2025-06-14 17:27:02.692 +06:00 [INF] This is a test log entry to verify database logging.
2025-06-14 17:27:33.320 +06:00 [ERR] An unhandled exception has occurred while executing the request.
System.InvalidOperationException: Section 'Styles' is already defined.
   at Microsoft.AspNetCore.Mvc.Razor.RazorPage.DefineSection(String name, RenderAsyncDelegate section)
   at AspNetCoreGeneratedDocument.Areas_Admin_Views_Dashboard_Index.ExecuteAsync()
   at Microsoft.AspNetCore.Mvc.Razor.RazorView.RenderPageCoreAsync(IRazorPage page, ViewContext context)
   at Microsoft.AspNetCore.Mvc.Razor.RazorView.RenderPageAsync(IRazorPage page, ViewContext context, Boolean invokeViewStarts)
   at Microsoft.AspNetCore.Mvc.Razor.RazorView.RenderAsync(ViewContext context)
   at Microsoft.AspNetCore.Mvc.ViewFeatures.ViewExecutor.ExecuteAsync(ViewContext viewContext, String contentType, Nullable`1 statusCode)
   at Microsoft.AspNetCore.Mvc.ViewFeatures.ViewExecutor.ExecuteAsync(ViewContext viewContext, String contentType, Nullable`1 statusCode)
   at Microsoft.AspNetCore.Mvc.ViewFeatures.ViewExecutor.ExecuteAsync(ActionContext actionContext, IView view, ViewDataDictionary viewData, ITempDataDictionary tempData, String contentType, Nullable`1 statusCode)
   at Microsoft.AspNetCore.Mvc.ViewFeatures.ViewResultExecutor.ExecuteAsync(ActionContext context, ViewResult result)
   at Microsoft.AspNetCore.Mvc.ViewResult.ExecuteResultAsync(ActionContext context)
   at Microsoft.AspNetCore.Mvc.Infrastructure.ResourceInvoker.<InvokeNextResultFilterAsync>g__Awaited|30_0[TFilter,TFilterAsync](ResourceInvoker invoker, Task lastTask, State next, Scope scope, Object state, Boolean isCompleted)
   at Microsoft.AspNetCore.Mvc.Infrastructure.ResourceInvoker.Rethrow(ResultExecutedContextSealed context)
   at Microsoft.AspNetCore.Mvc.Infrastructure.ResourceInvoker.ResultNext[TFilter,TFilterAsync](State& next, Scope& scope, Object& state, Boolean& isCompleted)
   at Microsoft.AspNetCore.Mvc.Infrastructure.ResourceInvoker.InvokeResultFilters()
--- End of stack trace from previous location ---
   at Microsoft.AspNetCore.Mvc.Infrastructure.ResourceInvoker.<InvokeNextResourceFilter>g__Awaited|25_0(ResourceInvoker invoker, Task lastTask, State next, Scope scope, Object state, Boolean isCompleted)
   at Microsoft.AspNetCore.Mvc.Infrastructure.ResourceInvoker.Rethrow(ResourceExecutedContextSealed context)
   at Microsoft.AspNetCore.Mvc.Infrastructure.ResourceInvoker.Next(State& next, Scope& scope, Object& state, Boolean& isCompleted)
   at Microsoft.AspNetCore.Mvc.Infrastructure.ResourceInvoker.InvokeFilterPipelineAsync()
--- End of stack trace from previous location ---
   at Microsoft.AspNetCore.Mvc.Infrastructure.ResourceInvoker.<InvokeAsync>g__Awaited|17_0(ResourceInvoker invoker, Task task, IDisposable scope)
   at Microsoft.AspNetCore.Mvc.Infrastructure.ResourceInvoker.<InvokeAsync>g__Awaited|17_0(ResourceInvoker invoker, Task task, IDisposable scope)
   at Microsoft.AspNetCore.Authorization.AuthorizationMiddleware.Invoke(HttpContext context)
   at Microsoft.AspNetCore.Authentication.AuthenticationMiddleware.Invoke(HttpContext context)
   at Microsoft.AspNetCore.Diagnostics.DeveloperExceptionPageMiddlewareImpl.Invoke(HttpContext context)
2025-06-14 17:29:20.392 +06:00 [ERR] An unhandled exception has occurred while executing the request.
2025-06-14 17:29:20.396 +06:00 [ERR] An exception was thrown attempting to display the error page.
System.TypeLoadException: Could not resolve type 'AspNetCoreGeneratedDocument.Areas_Admin_Views_Dashboard_Index+<ExecuteAsync>d__0#4' in assembly 'DevSkill.Inventory.Web, Version=1.0.0.0, Culture=neutral, PublicKeyToken=null'.
   at System.Reflection.TypeNameResolver.GetTypeFromDefaultAssemblies(String typeName, ReadOnlySpan`1 nestedTypeNames, TypeName parsedName)
   at System.Reflection.TypeNameResolver.GetType(String escapedTypeName, ReadOnlySpan`1 nestedTypeNames, TypeName parsedName)
   at System.Reflection.TypeNameResolver.Resolve(TypeName typeName)
   at System.Reflection.TypeNameResolver.GetTypeHelper(Char* pTypeName, RuntimeAssembly requestingAssembly, Boolean throwOnError, Boolean requireAssemblyQualifiedName)
   at System.Reflection.CustomAttribute.<CreateCustomAttributeInstance>g____PInvoke|30_0(QCallModule __pModule_native, ObjectHandleOnStack __type_native, ObjectHandleOnStack __pCtor_native, IntPtr* __ppBlob_native, IntPtr __pEndBlob_native, Int32* __pcNamedArgs_native, ObjectHandleOnStack __instance_native)
   at System.Reflection.CustomAttribute.CreateCustomAttributeInstance(RuntimeModule module, RuntimeType type, IRuntimeMethodInfo ctor, IntPtr& blob, IntPtr blobEnd, Int32& namedArgs)
   at System.Reflection.CustomAttribute.AddCustomAttributes(ListBuilder`1& attributes, RuntimeModule decoratedModule, Int32 decoratedMetadataToken, RuntimeType attributeFilterType, Boolean mustBeInheritable, ListBuilder`1 derivedAttributes)
   at System.Reflection.CustomAttribute.GetCustomAttributes(RuntimeMethodInfo method, RuntimeType caType, Boolean inherit)
   at System.Attribute.GetCustomAttributes(MemberInfo element, Type attributeType, Boolean inherit)
   at System.Reflection.CustomAttributeExtensions.GetCustomAttributes[T](MemberInfo element)
   at Microsoft.Extensions.StackTrace.Sources.StackTraceHelper.TryResolveStateMachineMethod(MethodBase& method, Type& declaringType)
   at Microsoft.Extensions.StackTrace.Sources.StackTraceHelper.GetMethodDisplayString(MethodBase method)
   at Microsoft.Extensions.StackTrace.Sources.StackTraceHelper.GetFrames(Exception exception, AggregateException& error)
   at Microsoft.Extensions.StackTrace.Sources.ExceptionDetailsProvider.GetStackFrames(Exception original)
   at Microsoft.Extensions.StackTrace.Sources.ExceptionDetailsProvider.GetDetails(Exception exception)+MoveNext()
   at Microsoft.AspNetCore.Diagnostics.RazorViews.ErrorPage.ExecuteAsync()
   at Microsoft.Extensions.RazorViews.BaseView.ExecuteAsync(HttpContext context)
   at Microsoft.AspNetCore.Diagnostics.EntityFrameworkCore.DatabaseDeveloperPageExceptionFilter.HandleExceptionAsync(ErrorContext errorContext, Func`2 next)
   at Microsoft.AspNetCore.Diagnostics.DeveloperExceptionPageMiddlewareImpl.Invoke(HttpContext context)
2025-06-14 17:29:20.409 +06:00 [ERR] Connection id "0HNDB6PH3Q5VB", Request id "0HNDB6PH3Q5VB:0000005D": An unhandled exception was thrown by the application.
2025-06-14 17:29:26.065 +06:00 [ERR] An unhandled exception has occurred while executing the request.
2025-06-14 17:29:26.069 +06:00 [ERR] An exception was thrown attempting to display the error page.
System.TypeLoadException: Could not resolve type 'AspNetCoreGeneratedDocument.Areas_Admin_Views_Dashboard_Index+<ExecuteAsync>d__0#4' in assembly 'DevSkill.Inventory.Web, Version=1.0.0.0, Culture=neutral, PublicKeyToken=null'.
   at System.Reflection.TypeNameResolver.GetTypeFromDefaultAssemblies(String typeName, ReadOnlySpan`1 nestedTypeNames, TypeName parsedName)
   at System.Reflection.TypeNameResolver.GetType(String escapedTypeName, ReadOnlySpan`1 nestedTypeNames, TypeName parsedName)
   at System.Reflection.TypeNameResolver.Resolve(TypeName typeName)
   at System.Reflection.TypeNameResolver.GetTypeHelper(Char* pTypeName, RuntimeAssembly requestingAssembly, Boolean throwOnError, Boolean requireAssemblyQualifiedName)
   at System.Reflection.CustomAttribute.<CreateCustomAttributeInstance>g____PInvoke|30_0(QCallModule __pModule_native, ObjectHandleOnStack __type_native, ObjectHandleOnStack __pCtor_native, IntPtr* __ppBlob_native, IntPtr __pEndBlob_native, Int32* __pcNamedArgs_native, ObjectHandleOnStack __instance_native)
   at System.Reflection.CustomAttribute.CreateCustomAttributeInstance(RuntimeModule module, RuntimeType type, IRuntimeMethodInfo ctor, IntPtr& blob, IntPtr blobEnd, Int32& namedArgs)
   at System.Reflection.CustomAttribute.AddCustomAttributes(ListBuilder`1& attributes, RuntimeModule decoratedModule, Int32 decoratedMetadataToken, RuntimeType attributeFilterType, Boolean mustBeInheritable, ListBuilder`1 derivedAttributes)
   at System.Reflection.CustomAttribute.GetCustomAttributes(RuntimeMethodInfo method, RuntimeType caType, Boolean inherit)
   at System.Attribute.GetCustomAttributes(MemberInfo element, Type attributeType, Boolean inherit)
   at System.Reflection.CustomAttributeExtensions.GetCustomAttributes[T](MemberInfo element)
   at Microsoft.Extensions.StackTrace.Sources.StackTraceHelper.TryResolveStateMachineMethod(MethodBase& method, Type& declaringType)
   at Microsoft.Extensions.StackTrace.Sources.StackTraceHelper.GetMethodDisplayString(MethodBase method)
   at Microsoft.Extensions.StackTrace.Sources.StackTraceHelper.GetFrames(Exception exception, AggregateException& error)
   at Microsoft.Extensions.StackTrace.Sources.ExceptionDetailsProvider.GetStackFrames(Exception original)
   at Microsoft.Extensions.StackTrace.Sources.ExceptionDetailsProvider.GetDetails(Exception exception)+MoveNext()
   at Microsoft.AspNetCore.Diagnostics.RazorViews.ErrorPage.ExecuteAsync()
   at Microsoft.Extensions.RazorViews.BaseView.ExecuteAsync(HttpContext context)
   at Microsoft.AspNetCore.Diagnostics.EntityFrameworkCore.DatabaseDeveloperPageExceptionFilter.HandleExceptionAsync(ErrorContext errorContext, Func`2 next)
   at Microsoft.AspNetCore.Diagnostics.DeveloperExceptionPageMiddlewareImpl.Invoke(HttpContext context)
2025-06-14 17:29:26.085 +06:00 [ERR] Connection id "0HNDB6PH3Q5VB", Request id "0HNDB6PH3Q5VB:0000005F": An unhandled exception was thrown by the application.
2025-06-14 17:30:26.866 +06:00 [ERR] An unhandled exception has occurred while executing the request.
2025-06-14 17:30:26.873 +06:00 [ERR] An exception was thrown attempting to display the error page.
System.TypeLoadException: Could not resolve type 'AspNetCoreGeneratedDocument.Areas_Admin_Views_Dashboard_Index+<ExecuteAsync>d__0#4' in assembly 'DevSkill.Inventory.Web, Version=1.0.0.0, Culture=neutral, PublicKeyToken=null'.
   at System.Reflection.TypeNameResolver.GetTypeFromDefaultAssemblies(String typeName, ReadOnlySpan`1 nestedTypeNames, TypeName parsedName)
   at System.Reflection.TypeNameResolver.GetType(String escapedTypeName, ReadOnlySpan`1 nestedTypeNames, TypeName parsedName)
   at System.Reflection.TypeNameResolver.Resolve(TypeName typeName)
   at System.Reflection.TypeNameResolver.GetTypeHelper(Char* pTypeName, RuntimeAssembly requestingAssembly, Boolean throwOnError, Boolean requireAssemblyQualifiedName)
   at System.Reflection.CustomAttribute.<CreateCustomAttributeInstance>g____PInvoke|30_0(QCallModule __pModule_native, ObjectHandleOnStack __type_native, ObjectHandleOnStack __pCtor_native, IntPtr* __ppBlob_native, IntPtr __pEndBlob_native, Int32* __pcNamedArgs_native, ObjectHandleOnStack __instance_native)
   at System.Reflection.CustomAttribute.CreateCustomAttributeInstance(RuntimeModule module, RuntimeType type, IRuntimeMethodInfo ctor, IntPtr& blob, IntPtr blobEnd, Int32& namedArgs)
   at System.Reflection.CustomAttribute.AddCustomAttributes(ListBuilder`1& attributes, RuntimeModule decoratedModule, Int32 decoratedMetadataToken, RuntimeType attributeFilterType, Boolean mustBeInheritable, ListBuilder`1 derivedAttributes)
   at System.Reflection.CustomAttribute.GetCustomAttributes(RuntimeMethodInfo method, RuntimeType caType, Boolean inherit)
   at System.Attribute.GetCustomAttributes(MemberInfo element, Type attributeType, Boolean inherit)
   at System.Reflection.CustomAttributeExtensions.GetCustomAttributes[T](MemberInfo element)
   at Microsoft.Extensions.StackTrace.Sources.StackTraceHelper.TryResolveStateMachineMethod(MethodBase& method, Type& declaringType)
   at Microsoft.Extensions.StackTrace.Sources.StackTraceHelper.GetMethodDisplayString(MethodBase method)
   at Microsoft.Extensions.StackTrace.Sources.StackTraceHelper.GetFrames(Exception exception, AggregateException& error)
   at Microsoft.Extensions.StackTrace.Sources.ExceptionDetailsProvider.GetStackFrames(Exception original)
   at Microsoft.Extensions.StackTrace.Sources.ExceptionDetailsProvider.GetDetails(Exception exception)+MoveNext()
   at Microsoft.AspNetCore.Diagnostics.RazorViews.ErrorPage.ExecuteAsync()
   at Microsoft.Extensions.RazorViews.BaseView.ExecuteAsync(HttpContext context)
   at Microsoft.AspNetCore.Diagnostics.EntityFrameworkCore.DatabaseDeveloperPageExceptionFilter.HandleExceptionAsync(ErrorContext errorContext, Func`2 next)
   at Microsoft.AspNetCore.Diagnostics.DeveloperExceptionPageMiddlewareImpl.Invoke(HttpContext context)
2025-06-14 17:30:26.886 +06:00 [ERR] Connection id "0HNDB6PH3Q5VB", Request id "0HNDB6PH3Q5VB:00000061": An unhandled exception was thrown by the application.
2025-06-14 17:30:27.982 +06:00 [ERR] An unhandled exception has occurred while executing the request.
2025-06-14 17:30:27.986 +06:00 [ERR] An exception was thrown attempting to display the error page.
System.TypeLoadException: Could not resolve type 'AspNetCoreGeneratedDocument.Areas_Admin_Views_Dashboard_Index+<ExecuteAsync>d__0#4' in assembly 'DevSkill.Inventory.Web, Version=1.0.0.0, Culture=neutral, PublicKeyToken=null'.
   at System.Reflection.TypeNameResolver.GetTypeFromDefaultAssemblies(String typeName, ReadOnlySpan`1 nestedTypeNames, TypeName parsedName)
   at System.Reflection.TypeNameResolver.GetType(String escapedTypeName, ReadOnlySpan`1 nestedTypeNames, TypeName parsedName)
   at System.Reflection.TypeNameResolver.Resolve(TypeName typeName)
   at System.Reflection.TypeNameResolver.GetTypeHelper(Char* pTypeName, RuntimeAssembly requestingAssembly, Boolean throwOnError, Boolean requireAssemblyQualifiedName)
   at System.Reflection.CustomAttribute.<CreateCustomAttributeInstance>g____PInvoke|30_0(QCallModule __pModule_native, ObjectHandleOnStack __type_native, ObjectHandleOnStack __pCtor_native, IntPtr* __ppBlob_native, IntPtr __pEndBlob_native, Int32* __pcNamedArgs_native, ObjectHandleOnStack __instance_native)
   at System.Reflection.CustomAttribute.CreateCustomAttributeInstance(RuntimeModule module, RuntimeType type, IRuntimeMethodInfo ctor, IntPtr& blob, IntPtr blobEnd, Int32& namedArgs)
   at System.Reflection.CustomAttribute.AddCustomAttributes(ListBuilder`1& attributes, RuntimeModule decoratedModule, Int32 decoratedMetadataToken, RuntimeType attributeFilterType, Boolean mustBeInheritable, ListBuilder`1 derivedAttributes)
   at System.Reflection.CustomAttribute.GetCustomAttributes(RuntimeMethodInfo method, RuntimeType caType, Boolean inherit)
   at System.Attribute.GetCustomAttributes(MemberInfo element, Type attributeType, Boolean inherit)
   at System.Reflection.CustomAttributeExtensions.GetCustomAttributes[T](MemberInfo element)
   at Microsoft.Extensions.StackTrace.Sources.StackTraceHelper.TryResolveStateMachineMethod(MethodBase& method, Type& declaringType)
   at Microsoft.Extensions.StackTrace.Sources.StackTraceHelper.GetMethodDisplayString(MethodBase method)
   at Microsoft.Extensions.StackTrace.Sources.StackTraceHelper.GetFrames(Exception exception, AggregateException& error)
   at Microsoft.Extensions.StackTrace.Sources.ExceptionDetailsProvider.GetStackFrames(Exception original)
   at Microsoft.Extensions.StackTrace.Sources.ExceptionDetailsProvider.GetDetails(Exception exception)+MoveNext()
   at Microsoft.AspNetCore.Diagnostics.RazorViews.ErrorPage.ExecuteAsync()
   at Microsoft.Extensions.RazorViews.BaseView.ExecuteAsync(HttpContext context)
   at Microsoft.AspNetCore.Diagnostics.EntityFrameworkCore.DatabaseDeveloperPageExceptionFilter.HandleExceptionAsync(ErrorContext errorContext, Func`2 next)
   at Microsoft.AspNetCore.Diagnostics.DeveloperExceptionPageMiddlewareImpl.Invoke(HttpContext context)
2025-06-14 17:30:27.996 +06:00 [ERR] Connection id "0HNDB6PH3Q5VB", Request id "0HNDB6PH3Q5VB:00000063": An unhandled exception was thrown by the application.
2025-06-14 17:30:28.933 +06:00 [ERR] An unhandled exception has occurred while executing the request.
2025-06-14 17:30:28.937 +06:00 [ERR] An exception was thrown attempting to display the error page.
System.TypeLoadException: Could not resolve type 'AspNetCoreGeneratedDocument.Areas_Admin_Views_Dashboard_Index+<ExecuteAsync>d__0#4' in assembly 'DevSkill.Inventory.Web, Version=1.0.0.0, Culture=neutral, PublicKeyToken=null'.
   at System.Reflection.TypeNameResolver.GetTypeFromDefaultAssemblies(String typeName, ReadOnlySpan`1 nestedTypeNames, TypeName parsedName)
   at System.Reflection.TypeNameResolver.GetType(String escapedTypeName, ReadOnlySpan`1 nestedTypeNames, TypeName parsedName)
   at System.Reflection.TypeNameResolver.Resolve(TypeName typeName)
   at System.Reflection.TypeNameResolver.GetTypeHelper(Char* pTypeName, RuntimeAssembly requestingAssembly, Boolean throwOnError, Boolean requireAssemblyQualifiedName)
   at System.Reflection.CustomAttribute.<CreateCustomAttributeInstance>g____PInvoke|30_0(QCallModule __pModule_native, ObjectHandleOnStack __type_native, ObjectHandleOnStack __pCtor_native, IntPtr* __ppBlob_native, IntPtr __pEndBlob_native, Int32* __pcNamedArgs_native, ObjectHandleOnStack __instance_native)
   at System.Reflection.CustomAttribute.CreateCustomAttributeInstance(RuntimeModule module, RuntimeType type, IRuntimeMethodInfo ctor, IntPtr& blob, IntPtr blobEnd, Int32& namedArgs)
   at System.Reflection.CustomAttribute.AddCustomAttributes(ListBuilder`1& attributes, RuntimeModule decoratedModule, Int32 decoratedMetadataToken, RuntimeType attributeFilterType, Boolean mustBeInheritable, ListBuilder`1 derivedAttributes)
   at System.Reflection.CustomAttribute.GetCustomAttributes(RuntimeMethodInfo method, RuntimeType caType, Boolean inherit)
   at System.Attribute.GetCustomAttributes(MemberInfo element, Type attributeType, Boolean inherit)
   at System.Reflection.CustomAttributeExtensions.GetCustomAttributes[T](MemberInfo element)
   at Microsoft.Extensions.StackTrace.Sources.StackTraceHelper.TryResolveStateMachineMethod(MethodBase& method, Type& declaringType)
   at Microsoft.Extensions.StackTrace.Sources.StackTraceHelper.GetMethodDisplayString(MethodBase method)
   at Microsoft.Extensions.StackTrace.Sources.StackTraceHelper.GetFrames(Exception exception, AggregateException& error)
   at Microsoft.Extensions.StackTrace.Sources.ExceptionDetailsProvider.GetStackFrames(Exception original)
   at Microsoft.Extensions.StackTrace.Sources.ExceptionDetailsProvider.GetDetails(Exception exception)+MoveNext()
   at Microsoft.AspNetCore.Diagnostics.RazorViews.ErrorPage.ExecuteAsync()
   at Microsoft.Extensions.RazorViews.BaseView.ExecuteAsync(HttpContext context)
   at Microsoft.AspNetCore.Diagnostics.EntityFrameworkCore.DatabaseDeveloperPageExceptionFilter.HandleExceptionAsync(ErrorContext errorContext, Func`2 next)
   at Microsoft.AspNetCore.Diagnostics.DeveloperExceptionPageMiddlewareImpl.Invoke(HttpContext context)
2025-06-14 17:30:40.711 +06:00 [INF] Application Starting...17-jan
2025-06-14 17:30:40.745 +06:00 [INF] This is Nasim Reza Reyad
2025-06-14 17:30:40.745 +06:00 [ERR] An error occurred while starting the application.
2025-06-14 17:30:42.804 +06:00 [INF] This is Nasim Reza
2025-06-14 17:30:42.821 +06:00 [INF] This is a test log entry to verify database logging.
2025-06-14 17:32:58.387 +06:00 [ERR] An unhandled exception has occurred while executing the request.
System.InvalidOperationException: Section 'Scripts' is already defined.
   at Microsoft.AspNetCore.Mvc.Razor.RazorPage.DefineSection(String name, RenderAsyncDelegate section)
   at AspNetCoreGeneratedDocument.Areas_Admin_Views_Dashboard_Index.ExecuteAsync()
   at Microsoft.AspNetCore.Mvc.Razor.RazorView.RenderPageCoreAsync(IRazorPage page, ViewContext context)
   at Microsoft.AspNetCore.Mvc.Razor.RazorView.RenderPageAsync(IRazorPage page, ViewContext context, Boolean invokeViewStarts)
   at Microsoft.AspNetCore.Mvc.Razor.RazorView.RenderAsync(ViewContext context)
   at Microsoft.AspNetCore.Mvc.ViewFeatures.ViewExecutor.ExecuteAsync(ViewContext viewContext, String contentType, Nullable`1 statusCode)
   at Microsoft.AspNetCore.Mvc.ViewFeatures.ViewExecutor.ExecuteAsync(ViewContext viewContext, String contentType, Nullable`1 statusCode)
   at Microsoft.AspNetCore.Mvc.ViewFeatures.ViewExecutor.ExecuteAsync(ActionContext actionContext, IView view, ViewDataDictionary viewData, ITempDataDictionary tempData, String contentType, Nullable`1 statusCode)
   at Microsoft.AspNetCore.Mvc.ViewFeatures.ViewResultExecutor.ExecuteAsync(ActionContext context, ViewResult result)
   at Microsoft.AspNetCore.Mvc.ViewResult.ExecuteResultAsync(ActionContext context)
   at Microsoft.AspNetCore.Mvc.Infrastructure.ResourceInvoker.<InvokeNextResultFilterAsync>g__Awaited|30_0[TFilter,TFilterAsync](ResourceInvoker invoker, Task lastTask, State next, Scope scope, Object state, Boolean isCompleted)
   at Microsoft.AspNetCore.Mvc.Infrastructure.ResourceInvoker.Rethrow(ResultExecutedContextSealed context)
   at Microsoft.AspNetCore.Mvc.Infrastructure.ResourceInvoker.ResultNext[TFilter,TFilterAsync](State& next, Scope& scope, Object& state, Boolean& isCompleted)
   at Microsoft.AspNetCore.Mvc.Infrastructure.ResourceInvoker.InvokeResultFilters()
--- End of stack trace from previous location ---
   at Microsoft.AspNetCore.Mvc.Infrastructure.ResourceInvoker.<InvokeNextResourceFilter>g__Awaited|25_0(ResourceInvoker invoker, Task lastTask, State next, Scope scope, Object state, Boolean isCompleted)
   at Microsoft.AspNetCore.Mvc.Infrastructure.ResourceInvoker.Rethrow(ResourceExecutedContextSealed context)
   at Microsoft.AspNetCore.Mvc.Infrastructure.ResourceInvoker.Next(State& next, Scope& scope, Object& state, Boolean& isCompleted)
   at Microsoft.AspNetCore.Mvc.Infrastructure.ResourceInvoker.InvokeFilterPipelineAsync()
--- End of stack trace from previous location ---
   at Microsoft.AspNetCore.Mvc.Infrastructure.ResourceInvoker.<InvokeAsync>g__Awaited|17_0(ResourceInvoker invoker, Task task, IDisposable scope)
   at Microsoft.AspNetCore.Mvc.Infrastructure.ResourceInvoker.<InvokeAsync>g__Awaited|17_0(ResourceInvoker invoker, Task task, IDisposable scope)
   at Microsoft.AspNetCore.Authorization.AuthorizationMiddleware.Invoke(HttpContext context)
   at Microsoft.AspNetCore.Authentication.AuthenticationMiddleware.Invoke(HttpContext context)
   at Microsoft.AspNetCore.Diagnostics.DeveloperExceptionPageMiddlewareImpl.Invoke(HttpContext context)
2025-06-14 17:37:23.069 +06:00 [INF] Application Starting...17-jan
2025-06-14 17:37:23.102 +06:00 [INF] This is Nasim Reza Reyad
2025-06-14 17:37:23.102 +06:00 [ERR] An error occurred while starting the application.
2025-06-14 17:37:25.719 +06:00 [INF] This is Nasim Reza
2025-06-14 17:37:25.734 +06:00 [INF] This is a test log entry to verify database logging.
2025-06-14 17:58:19.080 +06:00 [INF] Application Starting...17-jan
2025-06-14 17:58:19.121 +06:00 [INF] This is Nasim Reza Reyad
2025-06-14 17:58:19.122 +06:00 [ERR] An error occurred while starting the application.
2025-06-14 17:58:22.150 +06:00 [INF] This is Nasim Reza
2025-06-14 17:58:22.169 +06:00 [INF] This is a test log entry to verify database logging.
